
 Start         Length     Name                   Class
 0001:00000000 00094218H .text                   CODE
 0002:00000000 000020E4H .data                   DATA
 0002:000020E4 00000D95H .bss                    BSS


Detailed map of segments

 0001:00000000 00005C58 C=CODE     S=.text    G=(none)   M=System   ACBP=A9
 0001:00005C58 00000174 C=CODE     S=.text    G=(none)   M=SysInit  ACBP=A9
 0001:00005DCC 00000C08 C=CODE     S=.text    G=(none)   M=Windows  ACBP=A9
 0001:000069D4 00000038 C=CODE     S=.text    G=(none)   M=Messages ACBP=A9
 0001:00006A0C 000002F0 C=CODE     S=.text    G=(none)   M=SysConst ACBP=A9
 0001:00006CFC 0000653C C=CODE     S=.text    G=(none)   M=SysUtils ACBP=A9
 0001:0000D238 00000040 C=CODE     S=.text    G=(none)   M=ActiveX  ACBP=A9
 0001:0000D278 000003D8 C=CODE     S=.text    G=(none)   M=Consts   ACBP=A9
 0001:0000D650 0000093C C=CODE     S=.text    G=(none)   M=TypInfo  ACBP=A9
 0001:0000DF8C 00009B83 C=CODE     S=.text    G=(none)   M=Classes  ACBP=A9
 0001:00017B10 000099B3 C=CODE     S=.text    G=(none)   M=Graphics ACBP=A9
 0001:000214C4 000001C4 C=CODE     S=.text    G=(none)   M=Contnrs  ACBP=A9
 0001:00021688 000000F4 C=CODE     S=.text    G=(none)   M=Commctrl ACBP=A9
 0001:0002177C 00000793 C=CODE     S=.text    G=(none)   M=MultiMon ACBP=A9
 0001:00021F10 00000038 C=CODE     S=.text    G=(none)   M=Imm      ACBP=A9
 0001:00021F48 00000040 C=CODE     S=.text    G=(none)   M=Math     ACBP=A9
 0001:00021F88 00000038 C=CODE     S=.text    G=(none)   M=WinSpool ACBP=A9
 0001:00021FC0 00000044 C=CODE     S=.text    G=(none)   M=Printers ACBP=A9
 0001:00022004 0000031F C=CODE     S=.text    G=(none)   M=FlatSB   ACBP=A9
 0001:00022324 0000588C C=CODE     S=.text    G=(none)   M=StdCtrls ACBP=A9
 0001:00027BB0 000006D8 C=CODE     S=.text    G=(none)   M=Clipbrd  ACBP=A9
 0001:00028288 0000015C C=CODE     S=.text    G=(none)   M=StdActns ACBP=A9
 0001:000283E4 0000F294 C=CODE     S=.text    G=(none)   M=Controls ACBP=A9
 0001:00037678 00000E28 C=CODE     S=.text    G=(none)   M=ActnList ACBP=A9
 0001:000384A0 000014D8 C=CODE     S=.text    G=(none)   M=ImgList  ACBP=A9
 0001:00039978 000061D7 C=CODE     S=.text    G=(none)   M=Menus    ACBP=A9
 0001:0003FB50 0000C17B C=CODE     S=.text    G=(none)   M=Forms    ACBP=A9
 0001:0004BCCC 00000038 C=CODE     S=.text    G=(none)   M=ShellAPI ACBP=A9
 0001:0004BD04 00000038 C=CODE     S=.text    G=(none)   M=RegStr   ACBP=A9
 0001:0004BD3C 00000038 C=CODE     S=.text    G=(none)   M=WinInet  ACBP=A9
 0001:0004BD74 00000038 C=CODE     S=.text    G=(none)   M=UrlMon   ACBP=A9
 0001:0004BDAC 00000038 C=CODE     S=.text    G=(none)   M=ShlObj   ACBP=A9
 0001:0004BDE4 00000038 C=CODE     S=.text    G=(none)   M=CommDlg  ACBP=A9
 0001:0004BE1C 00002BD8 C=CODE     S=.text    G=(none)   M=ExtCtrls ACBP=A9
 0001:0004E9F4 00000038 C=CODE     S=.text    G=(none)   M=Dlgs     ACBP=A9
 0001:0004EA2C 0000026D C=CODE     S=.text    G=(none)   M=Dialogs  ACBP=A9
 0001:0004EC9C 00000050 C=CODE     S=.text    G=(none)   M=jconsts  ACBP=A9
 0001:0004ECEC 00013868 C=CODE     S=.text    G=(none)   M=jpeg     ACBP=A9
 0001:00062554 00000060 C=CODE     S=.text    G=(none)   M=MMSystem ACBP=A9
 0001:000625B4 00002A80 C=CODE     S=.text    G=(none)   M=MPlayer  ACBP=A9
 0001:00065034 00000C98 C=CODE     S=.text    G=(none)   M=ChfTypes ACBP=A9
 0001:00065CCC 00000BE8 C=CODE     S=.text    G=(none)   M=ChfUtils ACBP=A9
 0001:000668B4 00000198 C=CODE     S=.text    G=(none)   M=ChfCRC   ACBP=A9
 0001:00066A4C 00000038 C=CODE     S=.text    G=(none)   M=CHFHASH  ACBP=A9
 0001:00066A84 00001344 C=CODE     S=.text    G=(none)   M=LHSix    ACBP=A9
 0001:00067DC8 00000644 C=CODE     S=.text    G=(none)   M=LZSS32   ACBP=A9
 0001:0006840C 00000038 C=CODE     S=.text    G=(none)   M=LZ_Const ACBP=A9
 0001:00068444 00007F3B C=CODE     S=.text    G=(none)   M=ChiefLZ  ACBP=A9
 0001:00070380 00000038 C=CODE     S=.text    G=(none)   M=LZThunk  ACBP=A9
 0001:000703B8 00002E38 C=CODE     S=.text    G=(none)   M=CHFLZSS  ACBP=A9
 0001:000731F0 00000C70 C=CODE     S=.text    G=(none)   M=IniFiles ACBP=A9
 0001:00073E60 000008A0 C=CODE     S=.text    G=(none)   M=frmIntro ACBP=A9
 0001:00074700 000000F5 C=CODE     S=.text    G=(none)   M=Buttons  ACBP=A9
 0001:000747F8 0000051C C=CODE     S=.text    G=(none)   M=ImgBtn   ACBP=A9
 0001:00074D14 000019B3 C=CODE     S=.text    G=(none)   M=RVScroll ACBP=A9
 0001:000766C8 00000220 C=CODE     S=.text    G=(none)   M=RVClasses ACBP=A9
 0001:000768E8 000003BC C=CODE     S=.text    G=(none)   M=RVFuncs  ACBP=A9
 0001:00076CA4 00000068 C=CODE     S=.text    G=(none)   M=Registry ACBP=A9
 0001:00076D0C 000004C8 C=CODE     S=.text    G=(none)   M=RVBack   ACBP=A9
 0001:000771D4 0000726A C=CODE     S=.text    G=(none)   M=CRVData  ACBP=A9
 0001:0007E440 00000CAC C=CODE     S=.text    G=(none)   M=RVFMisc  ACBP=A9
 0001:0007F0EC 00000A04 C=CODE     S=.text    G=(none)   M=RVRVData ACBP=A9
 0001:0007FAF0 000062F4 C=CODE     S=.text    G=(none)   M=CRVFData ACBP=A9
 0001:00085DE4 00000038 C=CODE     S=.text    G=(none)   M=PtRVData ACBP=A9
 0001:00085E1C 00000038 C=CODE     S=.text    G=(none)   M=PtblRV   ACBP=A9
 0001:00085E54 00003C3C C=CODE     S=.text    G=(none)   M=RVStyle  ACBP=A9
 0001:00089A90 000036F3 C=CODE     S=.text    G=(none)   M=RVItem   ACBP=A9
 0001:0008D184 0000093F C=CODE     S=.text    G=(none)   M=RVUni    ACBP=A9
 0001:0008DAC4 000003BC C=CODE     S=.text    G=(none)   M=DLines   ACBP=A9
 0001:0008DE80 00001A20 C=CODE     S=.text    G=(none)   M=RichView ACBP=A9
 0001:0008F8A0 00000F4C C=CODE     S=.text    G=(none)   M=frmHelp  ACBP=A9
 0001:000907EC 0000033C C=CODE     S=.text    G=(none)   M=frmNewGame ACBP=A9
 0001:00090B28 00000EB4 C=CODE     S=.text    G=(none)   M=frmMainMenu ACBP=A9
 0001:000919DC 000002FC C=CODE     S=.text    G=(none)   M=frmSetup ACBP=A9
 0001:00091CD8 000002C8 C=CODE     S=.text    G=(none)   M=frmDecompress ACBP=A9
 0001:00091FA0 000003A4 C=CODE     S=.text    G=(none)   M=frmMessBox ACBP=A9
 0001:00092344 00001648 C=CODE     S=.text    G=(none)   M=Procs    ACBP=A9
 0001:0009398C 00000500 C=CODE     S=.text    G=(none)   M=frmBack  ACBP=A9
 0001:00093E8C 0000038C C=CODE     S=.text    G=(none)   M=Aurelius ACBP=A9
 0002:00000000 000000FE C=DATA     S=.data    G=DGROUP   M=System   ACBP=A9
 0002:00000100 00000018 C=DATA     S=.data    G=DGROUP   M=SysInit  ACBP=A9
 0002:00000118 00000230 C=DATA     S=.data    G=DGROUP   M=SysUtils ACBP=A9
 0002:00000348 00000010 C=DATA     S=.data    G=DGROUP   M=TypInfo  ACBP=A9
 0002:00000358 0000005C C=DATA     S=.data    G=DGROUP   M=Classes  ACBP=A9
 0002:000003B4 000002BC C=DATA     S=.data    G=DGROUP   M=Graphics ACBP=A9
 0002:00000670 00000004 C=DATA     S=.data    G=DGROUP   M=Printers ACBP=A9
 0002:00000674 000000A0 C=DATA     S=.data    G=DGROUP   M=StdCtrls ACBP=A9
 0002:00000714 0000012C C=DATA     S=.data    G=DGROUP   M=Controls ACBP=A9
 0002:00000840 00000020 C=DATA     S=.data    G=DGROUP   M=ImgList  ACBP=A9
 0002:00000860 000000EC C=DATA     S=.data    G=DGROUP   M=Menus    ACBP=A9
 0002:0000094C 0000013C C=DATA     S=.data    G=DGROUP   M=Forms    ACBP=A9
 0002:00000A88 00000014 C=DATA     S=.data    G=DGROUP   M=ExtCtrls ACBP=A9
 0002:00000A9C 00000070 C=DATA     S=.data    G=DGROUP   M=Dialogs  ACBP=A9
 0002:00000B0C 000008F8 C=DATA     S=.data    G=DGROUP   M=jpeg     ACBP=A9
 0002:00001404 00000064 C=DATA     S=.data    G=DGROUP   M=MPlayer  ACBP=A9
 0002:00001468 0000000D C=DATA     S=.data    G=DGROUP   M=ChfTypes ACBP=A9
 0002:00001478 00000014 C=DATA     S=.data    G=DGROUP   M=ChfUtils ACBP=A9
 0002:0000148C 00000400 C=DATA     S=.data    G=DGROUP   M=ChfCRC   ACBP=A9
 0002:0000188C 00000088 C=DATA     S=.data    G=DGROUP   M=LHSix    ACBP=A9
 0002:00001914 0000001C C=DATA     S=.data    G=DGROUP   M=LZSS32   ACBP=A9
 0002:00001930 00000280 C=DATA     S=.data    G=DGROUP   M=ChiefLZ  ACBP=A9
 0002:00001BB0 00000008 C=DATA     S=.data    G=DGROUP   M=IniFiles ACBP=A9
 0002:00001BB8 0000002C C=DATA     S=.data    G=DGROUP   M=Buttons  ACBP=A9
 0002:00001BE4 00000014 C=DATA     S=.data    G=DGROUP   M=RVScroll ACBP=A9
 0002:00001BF8 00000008 C=DATA     S=.data    G=DGROUP   M=Registry ACBP=A9
 0002:00001C00 0000006C C=DATA     S=.data    G=DGROUP   M=CRVData  ACBP=A9
 0002:00001C6C 0000002C C=DATA     S=.data    G=DGROUP   M=RVStyle  ACBP=A9
 0002:00001C98 00000004 C=DATA     S=.data    G=DGROUP   M=RVItem   ACBP=A9
 0002:00001C9C 00000004 C=DATA     S=.data    G=DGROUP   M=Procs    ACBP=A9
 0002:00003000 000004CC C=BSS      S=.bss     G=DGROUP   M=System   ACBP=A9
 0002:000034CC 00000018 C=BSS      S=.bss     G=DGROUP   M=SysInit  ACBP=A9
 0002:000034E4 00000004 C=BSS      S=.bss     G=DGROUP   M=Windows  ACBP=A9
 0002:000034E8 00000004 C=BSS      S=.bss     G=DGROUP   M=Messages ACBP=A9
 0002:000034EC 00000004 C=BSS      S=.bss     G=DGROUP   M=SysConst ACBP=A9
 0002:000034F0 00000118 C=BSS      S=.bss     G=DGROUP   M=SysUtils ACBP=A9
 0002:00003608 00000004 C=BSS      S=.bss     G=DGROUP   M=ActiveX  ACBP=A9
 0002:0000360C 00000004 C=BSS      S=.bss     G=DGROUP   M=Consts   ACBP=A9
 0002:00003610 00000004 C=BSS      S=.bss     G=DGROUP   M=TypInfo  ACBP=A9
 0002:00003614 00000038 C=BSS      S=.bss     G=DGROUP   M=Classes  ACBP=A9
 0002:0000364C 00000060 C=BSS      S=.bss     G=DGROUP   M=Graphics ACBP=A9
 0002:000036AC 00000004 C=BSS      S=.bss     G=DGROUP   M=Contnrs  ACBP=A9
 0002:000036B0 00000004 C=BSS      S=.bss     G=DGROUP   M=Commctrl ACBP=A9
 0002:000036B4 00000031 C=BSS      S=.bss     G=DGROUP   M=MultiMon ACBP=A9
 0002:000036E8 00000004 C=BSS      S=.bss     G=DGROUP   M=Imm      ACBP=A9
 0002:000036EC 00000004 C=BSS      S=.bss     G=DGROUP   M=Math     ACBP=A9
 0002:000036F0 00000004 C=BSS      S=.bss     G=DGROUP   M=WinSpool ACBP=A9
 0002:000036F4 00000004 C=BSS      S=.bss     G=DGROUP   M=Printers ACBP=A9
 0002:000036F8 00000034 C=BSS      S=.bss     G=DGROUP   M=FlatSB   ACBP=A9
 0002:0000372C 00000004 C=BSS      S=.bss     G=DGROUP   M=StdCtrls ACBP=A9
 0002:00003730 0000000C C=BSS      S=.bss     G=DGROUP   M=Clipbrd  ACBP=A9
 0002:0000373C 00000004 C=BSS      S=.bss     G=DGROUP   M=StdActns ACBP=A9
 0002:00003740 00000070 C=BSS      S=.bss     G=DGROUP   M=Controls ACBP=A9
 0002:000037B0 00000004 C=BSS      S=.bss     G=DGROUP   M=ActnList ACBP=A9
 0002:000037B4 00000004 C=BSS      S=.bss     G=DGROUP   M=ImgList  ACBP=A9
 0002:000037B8 00000010 C=BSS      S=.bss     G=DGROUP   M=Menus    ACBP=A9
 0002:000037C8 00000024 C=BSS      S=.bss     G=DGROUP   M=Forms    ACBP=A9
 0002:000037EC 00000004 C=BSS      S=.bss     G=DGROUP   M=ShellAPI ACBP=A9
 0002:000037F0 00000004 C=BSS      S=.bss     G=DGROUP   M=RegStr   ACBP=A9
 0002:000037F4 00000004 C=BSS      S=.bss     G=DGROUP   M=WinInet  ACBP=A9
 0002:000037F8 00000004 C=BSS      S=.bss     G=DGROUP   M=UrlMon   ACBP=A9
 0002:000037FC 00000004 C=BSS      S=.bss     G=DGROUP   M=ShlObj   ACBP=A9
 0002:00003800 00000004 C=BSS      S=.bss     G=DGROUP   M=CommDlg  ACBP=A9
 0002:00003804 00000004 C=BSS      S=.bss     G=DGROUP   M=ExtCtrls ACBP=A9
 0002:00003808 00000004 C=BSS      S=.bss     G=DGROUP   M=Dlgs     ACBP=A9
 0002:0000380C 0000000C C=BSS      S=.bss     G=DGROUP   M=Dialogs  ACBP=A9
 0002:00003818 00000004 C=BSS      S=.bss     G=DGROUP   M=jconsts  ACBP=A9
 0002:0000381C 00000004 C=BSS      S=.bss     G=DGROUP   M=jpeg     ACBP=A9
 0002:00003820 00000004 C=BSS      S=.bss     G=DGROUP   M=MMSystem ACBP=A9
 0002:00003824 00000004 C=BSS      S=.bss     G=DGROUP   M=MPlayer  ACBP=A9
 0002:00003828 00000004 C=BSS      S=.bss     G=DGROUP   M=ChfTypes ACBP=A9
 0002:0000382C 00000004 C=BSS      S=.bss     G=DGROUP   M=ChfUtils ACBP=A9
 0002:00003830 00000004 C=BSS      S=.bss     G=DGROUP   M=ChfCRC   ACBP=A9
 0002:00003834 00000004 C=BSS      S=.bss     G=DGROUP   M=CHFHASH  ACBP=A9
 0002:00003838 0000004C C=BSS      S=.bss     G=DGROUP   M=LHSix    ACBP=A9
 0002:00003884 00000030 C=BSS      S=.bss     G=DGROUP   M=LZSS32   ACBP=A9
 0002:000038B4 00000004 C=BSS      S=.bss     G=DGROUP   M=LZ_Const ACBP=A9
 0002:000038B8 000003E0 C=BSS      S=.bss     G=DGROUP   M=ChiefLZ  ACBP=A9
 0002:00003C98 00000004 C=BSS      S=.bss     G=DGROUP   M=LZThunk  ACBP=A9
 0002:00003C9C 00000008 C=BSS      S=.bss     G=DGROUP   M=CHFLZSS  ACBP=A9
 0002:00003CA4 00000004 C=BSS      S=.bss     G=DGROUP   M=IniFiles ACBP=A9
 0002:00003CA8 00000008 C=BSS      S=.bss     G=DGROUP   M=frmIntro ACBP=A9
 0002:00003CB0 00000030 C=BSS      S=.bss     G=DGROUP   M=Buttons  ACBP=A9
 0002:00003CE0 00000004 C=BSS      S=.bss     G=DGROUP   M=ImgBtn   ACBP=A9
 0002:00003CE4 00000028 C=BSS      S=.bss     G=DGROUP   M=RVScroll ACBP=A9
 0002:00003D0C 00000004 C=BSS      S=.bss     G=DGROUP   M=RVClasses ACBP=A9
 0002:00003D10 00000004 C=BSS      S=.bss     G=DGROUP   M=RVFuncs  ACBP=A9
 0002:00003D14 00000004 C=BSS      S=.bss     G=DGROUP   M=Registry ACBP=A9
 0002:00003D18 00000004 C=BSS      S=.bss     G=DGROUP   M=RVBack   ACBP=A9
 0002:00003D1C 00000004 C=BSS      S=.bss     G=DGROUP   M=CRVData  ACBP=A9
 0002:00003D20 00000004 C=BSS      S=.bss     G=DGROUP   M=RVFMisc  ACBP=A9
 0002:00003D24 00000004 C=BSS      S=.bss     G=DGROUP   M=RVRVData ACBP=A9
 0002:00003D28 00000004 C=BSS      S=.bss     G=DGROUP   M=CRVFData ACBP=A9
 0002:00003D2C 00000004 C=BSS      S=.bss     G=DGROUP   M=PtRVData ACBP=A9
 0002:00003D30 00000004 C=BSS      S=.bss     G=DGROUP   M=PtblRV   ACBP=A9
 0002:00003D34 00000004 C=BSS      S=.bss     G=DGROUP   M=RVStyle  ACBP=A9
 0002:00003D38 00000004 C=BSS      S=.bss     G=DGROUP   M=RVItem   ACBP=A9
 0002:00003D3C 00000008 C=BSS      S=.bss     G=DGROUP   M=RVUni    ACBP=A9
 0002:00003D44 00000004 C=BSS      S=.bss     G=DGROUP   M=DLines   ACBP=A9
 0002:00003D48 00000004 C=BSS      S=.bss     G=DGROUP   M=RichView ACBP=A9
 0002:00003D4C 00000008 C=BSS      S=.bss     G=DGROUP   M=frmHelp  ACBP=A9
 0002:00003D54 00000008 C=BSS      S=.bss     G=DGROUP   M=frmNewGame ACBP=A9
 0002:00003D5C 00000008 C=BSS      S=.bss     G=DGROUP   M=frmMainMenu ACBP=A9
 0002:00003D64 00000008 C=BSS      S=.bss     G=DGROUP   M=frmSetup ACBP=A9
 0002:00003D6C 00000008 C=BSS      S=.bss     G=DGROUP   M=frmDecompress ACBP=A9
 0002:00003D74 00000008 C=BSS      S=.bss     G=DGROUP   M=frmMessBox ACBP=A9
 0002:00003D7C 00000010 C=BSS      S=.bss     G=DGROUP   M=Procs    ACBP=A9
 0002:00003D8C 00000008 C=BSS      S=.bss     G=DGROUP   M=frmBack  ACBP=A9


  Address         Publics by Name

 0001:00054A14       .
 0001:0005E080       .
 0001:0005D548       .
 0001:00054468       .
 0001:0005CD5C       .
 0001:00053E7C       .
 0001:0000C7B0       .
 0002:00000C18       .
 0002:00000FA4       .
 0001:0005BED0       .
 0001:0005BDBC       .
 0001:000533EC       .
 0002:00000B98       .
 0001:00052620       .
 0001:00051EEC       .
 0001:00051A2C       .
 0001:0005E1DC       .
 0001:000514C4       .
 0001:00056974       .
 0001:0005E718       .
 0001:0005EF48       .
 0001:00004BD4       .
 0001:0005A180       .
 0001:0005F5D0       .
 0001:000586C8       .
 0001:00005240       .
 0002:00000DA4       .
 0001:0005FEF8       .
 0001:00005290       .
 0002:00001344       .
 0001:000583DC       .
 0001:000618E0       .
 0002:00000C98       .
 0001:0005566C       .
 0001:00060478       .
 0002:000000BC       .
 0001:000580E8       .
 0002:00000B88       .
 0001:0005704C       .
 0001:00050864       .
 0002:0000380C       .01
 0002:0000373C       .02
 0002:00003818       .1
 0002:000034DC       .1
 0002:0000382C       .1
 0002:00003718       .1
 0002:00003830       .1
 0002:000034EC       .1
 0002:00003834       .1
 0002:00003840       .1
 0002:000036E8       .1
 0002:000036D4       .1
 0002:000036B0       .1
 0002:00003D88       .1
 0002:000038B0       .1
 0002:000038B4       .1
 0002:000038B8       .1
 0002:000037EC       .1
 0002:000037F0       .1
 0002:000037F4       .1
 0002:000037F8       .1
 0002:00003C98       .1
 0002:000037FC       .1
 0002:00003800       .1
 0002:000034E8       .1
 0002:0000360C       .1
 0002:00003808       .1
 0002:00003D90       .2
 0002:00003D50       .2
 0002:00003CAC       .2
 0002:00003D78       .2
 0002:00003C9C       .2
 0002:00003D58       .2
 0002:00003734       .2
 0002:00003D68       .2
 0002:00003CE0       .2
 0002:000036EC       .2
 0002:00003D60       .2
 0002:00003D48       .2
 0002:00003D24       .2
 0002:00003D70       .2
 0002:00003748       .22
 0002:0000372C       .22
 0002:000036F0       .3
 0002:000036F4       .3
 0002:00003608       .3
 0002:00003D30       .3
 0002:00003428       .3
 0002:0000381C       .3
 0002:000034E4       .3
 0002:00003D28       .3
 0002:00003D1C       .3
 0002:00003824       .3
 0002:00003CB0       .3
 0002:00003D44       .3
 0002:000037B4       .3
 0002:00003D38       .31
 0002:00003CA4       .4
 0002:000035F8       .44
 0002:00003828       .5
 0002:00003610       .5
 0002:00003D14       .5
 0002:000037D0       .51
 0002:00003804       .61
 0002:00003820       .7
 0002:000037B0       .7
 0002:00003D2C       .7
 0002:00003650       .81
 0002:0000361C       .84
 0002:000037C0       .9
 0002:000036AC       .9
 0001:00001BE8       @AbstractError
 0001:00002460       @AfterConstruction
 0001:00005289       @Append
 0001:00002258       @AsClass
 0001:00004DD6       @Assign
 0001:00001D04       @AStrCmp
 0001:00002468       @BeforeDestruction
 0001:00004E78       @BlockRead
 0001:00004EDC       @BlockWrite
 0001:000022A4       @CallDynaInst
 0001:00002408       @ClassCreate
 0001:00002458       @ClassDestroy
 0001:00004F40       @Close
 0001:00001830       @Copy
 0001:00003848       @CopyArray
 0001:0000372C       @CopyRecord
 0001:00001874       @Delete
 0001:00003950       @Dispose
 0001:000028D0       @DoneExcept
 0001:000044D4       @DynArrayAsg
 0001:00004498       @DynArrayClear
 0001:000042D8       @DynArrayHigh
 0001:000042D0       @DynArrayLength
 0001:0000448C       @DynArraySetLength
 0001:00004F7C       @EofFile
 0001:00004FD0       @EofText
 0001:00005004       @Erase
 0001:000029C4       @ExceptionHandler
 0001:00005034       @FilePos
 0001:00005078       @FileSize
 0001:00001D74       @FillChar
 0001:00003720       @Finalize
 0001:00003638       @FinalizeArray
 0001:0000360C       @FinalizeRecord
 0001:000022BC       @FindDynaInst
 0001:00004E51       @Flush
 0001:00002004       @FpuInit
 0001:00001F40       @FpuMaskInit
 0001:00001BA4       @FRAC
 0001:0000173C       @FreeMem
 0001:00001724       @GetMem
 0001:00005CD0       @GetTls
 0001:00002D78       @Halt
 0001:00002C58       @Halt0
 0001:00002574       @HandleAnyException
 0001:00002828       @HandleFinally
 0001:000026A0       @HandleOnException
 0001:00005D60       @InitExe
 0001:00003600       @Initialize
 0001:0000356C       @InitializeArray
 0001:00003540       @InitializeRecord
 0001:00002BB4       @InitImports
 0001:00002B98       @InitResStringImports
 0001:00001990       @Insert
 0001:00004B30       @IntfAddRef
 0001:00004AFC       @IntfClear
 0001:00004B14       @IntfCopy
 0001:00002240       @IsClass
 0001:00001F10       @isNECWindows
 0001:0005BD30       @jcopy_block_row
 0001:0005BCE4       @jcopy_sample_rows
 0001:000555D8       @jinit_1pass_quantizer
 0001:00056854       @jinit_2pass_quantizer
 0001:0005F384       @jinit_color_converter
 0001:00054848       @jinit_color_deconverter
 0001:0005CCAC       @jinit_compress_master
 0001:0005EE80       @jinit_c_coef_controller
 0001:0005E158       @jinit_c_main_controller
 0001:0005DFB8       @jinit_c_master_control
 0001:0005E670       @jinit_c_prep_controller
 0001:0005FD70       @jinit_downsampler
 0001:00057FD4       @jinit_d_coef_controller
 0001:00056F6C       @jinit_d_main_controller
 0001:00058348       @jinit_d_post_controller
 0001:000603E8       @jinit_forward_dct
 0001:00053E3C       @jinit_huff_decoder
 0001:00062420       @jinit_huff_encoder
 0001:000519E4       @jinit_input_controller
 0001:0005864C       @jinit_inverse_dct
 0001:0005BC60       @jinit_marker_reader
 0001:0005D4FC       @jinit_marker_writer
 0001:000525E8       @jinit_master_decompress
 0001:00051394       @jinit_memory_mgr
 0001:000543E8       @jinit_merged_upsampler
 0001:00053378       @jinit_phuff_decoder
 0001:00060F20       @jinit_phuff_encoder
 0001:00058BAC       @jinit_upsampler
 0001:0005BD40       @jpeg_abort
 0001:0005BDA4       @jpeg_alloc_huff_table
 0001:0005BD8C       @jpeg_alloc_quant_table
 0001:000615B4       @jpeg_fdct_float
 0001:00061348       @jpeg_fdct_ifast
 0001:00060F64       @jpeg_fdct_islow
 0001:00053724       @jpeg_fill_bit_buffer
 0001:00051498       @jpeg_free_large
 0001:00051488       @jpeg_free_small
 0001:00062164       @jpeg_gen_optimal_table
 0001:00051490       @jpeg_get_large
 0001:00051480       @jpeg_get_small
 0001:00053834       @jpeg_huff_decode
 0001:0005A144       @jpeg_idct_1x1
 0001:00059F68       @jpeg_idct_2x2
 0001:00059BD4       @jpeg_idct_4x4
 0001:00058DC4       @jpeg_idct_float
 0001:000591F4       @jpeg_idct_ifast
 0001:00059600       @jpeg_idct_islow
 0001:00061AAC       @jpeg_make_c_derived_tbl
 0001:0005350C       @jpeg_make_d_derived_tbl
 0001:000514A0       @jpeg_mem_available
 0001:000514BC       @jpeg_mem_init
 0001:000514C0       @jpeg_mem_term
 0001:000514AC       @jpeg_open_backing_store
 0001:0005BB34       @jpeg_resync_to_restart
 0001:0005CAE0       @jpeg_suppress_tables
 0001:0005BCCC       @jround_up
 0001:000018A4       @LGetDir
 0001:000031C4       @LStrAddRef
 0001:00002DB4       @LStrArrayClr
 0001:00002DE4       @LStrAsg
 0001:00003018       @LStrCat
 0001:0000305C       @LStrCat3
 0001:000030D0       @LStrCatN
 0001:00002D90       @LStrClr
 0001:00003120       @LStrCmp
 0001:00003218       @LStrCopy
 0001:00003258       @LStrDelete
 0001:00002FC0       @LStrFromArray
 0001:00002F38       @LStrFromChar
 0001:00002F48       @LStrFromPChar
 0001:00002E78       @LStrFromPCharLen
 0001:00002F78       @LStrFromPWChar
 0001:00002EA8       @LStrFromPWCharLen
 0001:00002FB4       @LStrFromString
 0001:00002FD8       @LStrFromWStr
 0001:000032A0       @LStrInsert
 0001:00002E28       @LStrLAsg
 0001:00003010       @LStrLen
 0001:000032FC       @LStrPos
 0001:00003344       @LStrSetLength
 0001:000031D4       @LStrToPChar
 0001:00002FEC       @LStrToString
 0001:00001A10       @MkDir
 0001:0000393C       @New
 0001:00002E54       @NewAnsiString
 0001:000034E4       @NewWideString
 0001:00001B40       @Pos
 0001:0000559C       @Pow10
 0001:00001C80       @PStrCmp
 0001:00001C34       @PStrCpy
 0001:00001C04       @PStrNCat
 0001:00001C50       @PStrNCpy
 0001:0000287C       @RaiseAgain
 0001:00002860       @RaiseExcept
 0001:000050B8       @ReadChar
 0001:00005137       @ReadCString
 0001:000051C4       @ReadLn
 0001:0000512C       @ReadString
 0001:00001754       @ReallocMem
 0001:000051EC       @Rename
 0001:00005391       @ResetFile
 0001:0000527B       @ResetText
 0001:000053A8       @RewritFile
 0001:00005282       @RewritText
 0001:00001BC0       @ROUND
 0001:00002D84       @RunError
 0001:000053C8       @Seek
 0001:00001B80       @SetLength
 0001:00001B84       @SetString
 0001:0000191C       @SGetDir
 0001:00002B68       @StartExe
 0001:00001DF4       @Str0Long
 0001:00001D94       @StrLong
 0001:00001BCC       @TRUNC
 0001:000053FC       @Truncate
 0001:00002900       @TryFinallyExit
 0001:00001E00       @ValLong
 0001:0000427C       @VarAddRef
 0001:00003CFC       @VarCast
 0001:00003AA4       @VarClear
 0001:00004274       @VarClr
 0001:00004164       @VarCmp
 0001:00003AE8       @VarCopy
 0001:00003FBC       @VarFromLStr
 0001:00003FFC       @VarFromWStr
 0001:00003E5C       @VarToBool
 0001:00003EEC       @VarToCurr
 0001:00003DF0       @VarToInt
 0001:00003F48       @VarToLStr
 0001:00003E90       @VarToReal
 0001:00003F84       @VarToWStr
 0001:00005503       @Write0Char
 0001:0000556C       @Write0CString
 0001:000054C8       @Write0String
 0001:00005424       @WriteBytes
 0001:00005555       @WriteChar
 0001:00005570       @WriteCString
 0001:000054EF       @WriteLn
 0001:0000548F       @WriteSpaces
 0001:000054D2       @WriteString
 0001:000033D8       @WStrArrayClr
 0001:000033FC       @WStrAsg
 0001:000033C0       @WStrClr
 0001:000034C8       @WStrFromLStr
 0001:00003420       @WStrFromPCharLen
 0001:000034A4       @WStrFromPWCharLen
 0001:000034D8       @WStrLen
 0001:000034FC       @WStrSetLength
 0001:00001EE4       @_CLenToPasStr
 0001:00001ECC       @_CToPasStr
 0001:00004E2C       @_Flush
 0001:000017F4       @_IOTest
 0001:000058B6       @_lldiv
 0001:0000592E       @_lldivo
 0001:000059A9       @_llmod
 0001:00005A23       @_llmodo
 0001:00005870       @_llmul
 0001:00005893       @_llmulo
 0001:00005AA3       @_llshl
 0001:00005960       @_lludiv
 0001:00005A55       @_llumod
 0001:00005ADB       @_llushr
 0001:0000AFA4       Abort
 0001:0002A8F0       AbsMin
 0001:0000B460       AbstractErrorHandler
 0002:00003018       AbstractErrorProc
 0002:00000190       AccessMode
 0001:000062DC       ActivateKeyboardLayout
 0002:00003770       ActiveDrag
 0001:0000D270       ActiveX
 0001:00038498       ActnList
 0001:00065CCC       AddBackSlash
 0001:0000045C       AddBlockAfter
 0001:000078F4       AddExitProc
 0001:00012B8C       AddFinished
 0001:0003B47C       AddIn
 0001:00004948       AddModuleUnloadProc
 0001:00004938       AddModuleUnloadProc
 0001:00012BC4       AddNotFinished
 0001:00066BC4       Add_Node
 0001:0001B7DC       AdjustColor
 0001:0004E5CC       AdjustColors
 0001:00007D78       AdjustLineBreaks
 0001:00080720       AdjustLineHeight
 0001:0004291C       Adjustment
 0001:000062E4       AdjustWindowRectEx
 0002:0000067C       Alignments
 0002:00000924       Alignments
 0002:00000934       Alignments
 0002:00000A90       Alignments
 0002:000006C0       Alignments
 0001:0002F824       AlignWork
 0001:00049254       AlignWork
 0001:00042348       AllocateHWnd
 0001:000078A8       AllocMem
 0002:00003420       AllocMemCount
 0002:00003424       AllocMemSize
 0001:000212BC       AllocPatternBitmap
 0001:00015ACC       AncestorValid
 0002:0000071C       AnchorAlign
 0001:00007A70       AnsiCompareText
 0001:00007C78       AnsiExtractQuotedStr
 0001:00008308       AnsiLastChar
 0001:000062EC       AnsiLower
 0001:00007A3C       AnsiLowerCase
 0001:0000BBF4       AnsiLowerCaseFileName
 0001:0000BBBC       AnsiPos
 0001:00007B54       AnsiQuotedStr
 0001:0003F984       AnsiSameCaption
 0001:00007AA8       AnsiSameText
 0001:00007AE4       AnsiStrLIComp
 0001:0000BC80       AnsiStrPos
 0001:0000BD20       AnsiStrRScan
 0001:0000BD48       AnsiStrScan
 0001:00003B84       AnyChangeType
 0001:000040C8       AnyCmp
 0001:0000929C       AppendChars
 0001:00009664       AppendFormat
 0001:00009300       AppendNumber
 0001:000092E0       AppendString
 0002:000037C8       Application
 0002:00000A80       AppVisible
 0001:0006A764       ArchiveSquash
 0002:000038BC       ArchiveStartOffSet
 0002:000039EC       aRead
 0002:00001C28       ArrDefColorTable
 0002:00001C70       arrNoYes
 0001:0000B444       AssertErrorHandler
 0002:00003014       AssertErrorProc
 0001:00092354       AssignGraphic
 0001:0000DA7C       AssignLongStr
 0001:0000DDC4       AssignVariant
 0001:0000DB10       AssignWideStr
 0001:00094134       Aurelius
 0002:00003474       avail
 0002:000039F0       aWrite
 0001:00008568       BackfillGetDiskFreeSpaceEx
 0002:00003D8C       BackForm
 0001:0002D1F0       BackgroundClipped
 0002:00000064       BaseTypeMap
 0001:0000FB44       BeginGlobalLoading
 0001:000062F4       BeginPaint
 0001:0001B7E8       BetterSize
 0001:0003C20C       BiDiDraw
 0002:00003880       Binary
 0002:00001924       BinaryTree
 0002:000018F8       Bit
 0001:00006064       BitBlt
 0002:00001BB8       BitBtnCaptions
 0002:00003CB4       BitBtnGlyphs
 0002:00000624       BitCounts
 0002:0000061C       BitmapCanvasList
 0002:00003668       BitmapImageLock
 0002:00001A34       BlankRec
 0002:00000968       BlockCode
 0002:0000344C       blockDescBlockList
 0002:00003450       blockDescFreeList
 0002:00000348       BooleanIdents
 0002:00000674       BorderStyles
 0002:000009D8       BorderStyles
 0002:00000A88       BorderStyles
 0001:0000F450       Bounds
 0002:000008CC       Breaks
 0002:000036A0       BrushManager
 0002:00001404       BtnStateName
 0002:00001410       BtnTypeName
 0002:000038D4       buf
 0002:00003854       Buffer
 0001:0004F9C0       BuildColorMap
 0001:0003E790       BuildImage
 0001:0004F918       BuildPalette
 0002:00000AE0       ButtonCaptions
 0002:00000AB4       ButtonNames
 0001:000747D0       Buttons
 0002:00000948       Buttons
 0002:000006B8       ButtonStyles
 0001:0001AFC8       BytesPerScanline
 0001:0001B320       ByteSwapColors
 0002:000018BC       Bytes_In
 0002:000018B8       Bytes_Out
 0001:0000BA34       ByteToCharIndex
 0001:0000BA0C       ByteToCharLen
 0001:0000B9D0       ByteType
 0001:0000B958       ByteTypeTest
 0002:00000354       C10000
 0002:000000B8       C10000
 0001:00042284       CalcJmpOffset
 0001:00036AD0       CalcSplitterPos
 0001:000062FC       CallNextHookEx
 0001:0000C260       CallTerminateProcs
 0001:00006304       CallWindowProc
 0001:0002B868       CancelDrag
 0002:00003780       CanvasList
 0002:000036A4       CanvasList
 0002:00000AA0       Captions
 0002:000007D4       CaptureControl
 0002:0000086C       cBooleanToItemAutoFlag
 0001:000936FC       CenterControl
 0002:00003732       CF_COMPONENT
 0002:00003730       CF_PICTURE
 0002:000033E8       ChangeAnyProc
 0001:00029F9C       ChangeBiDiModeAlignment
 0001:00008388       ChangeFileExt
 0001:00083C94       ChangeSelection
 0001:00003BF0       ChangeSourceAny
 0002:0000069C       CharCases
 0001:0000630C       CharLowerBuff
 0001:00000278       CharNext
 0001:00019414       CharsetToIdent
 0001:0000BAF8       CharToByteIndex
 0001:0000BB5C       CharToByteLen
 0001:0001BDB0       CheckBool
 0002:000038D0       CheckFileCRCs
 0001:000024F0       CheckJmp
 0001:00006314       CheckMenuItem
 0002:000038C8       CheckPassWordFunc
 0001:0007156C       CheckPassWordFuncEx
 0002:000008BC       Checks
 0001:00042194       CheckTaskWindow
 0001:0002B598       CheckUndock
 0001:00066A44       ChfCRC
 0001:00066A7C       CHFHASH
 0001:000731E8       CHFLZSS
 0001:00065CC4       ChfTypes
 0001:000668AC       ChfUtils
 0001:00070370       ChiefLZ
 0001:00070270       ChiefLZ_Init
 0002:00000870       cItemAutoFlagToBoolean
 0002:00000868       cItemAutoFlagToMenu
 0002:00003624       ClassAliasList
 0001:00017A9C       Classes
 0002:00003620       ClassList
 0001:0000F478       ClassNotFound
 0002:000033E4       ClearAnyProc
 0001:00018D8C       ClearColor
 0001:00093264       ClearTemp
 0001:0000631C       ClientToScreen
 0001:00034538       ClientToWindow
 0001:000281D4       Clipboard
 0002:00000614       ClipboardFormats
 0001:00028230       Clipbrd
 0001:00006324       CloseClipboard
 0001:0000606C       CloseEnhMetaFile
 0001:00078BC4       CloseFontTag
 0001:00005DE4       CloseHandle
 0001:00000208       CloseHandle
 0002:0000302C       CmdLine
 0002:00003028       CmdShow
 0002:00000864       cMenuAutoFlagToItem
 0002:00003894       CodeBuf
 0001:0000FE0C       CollectionsEqual
 0002:000003E4       Colors
 0001:0001920C       ColorToIdent
 0001:000191FC       ColorToRGB
 0002:000037C4       CommandPool
 0001:00021774       Commctrl
 0001:0004BE14       CommDlg
 0001:0000073C       Commit
 0002:00003490       committedRoot
 0001:0003AAEC       CompareFront
 0001:000079A4       CompareMem
 0001:00005DEC       CompareString
 0001:000079C4       CompareText
 0001:00013548       ComponentCreated
 0001:000671EC       Compress
 0001:0001BB80       ComputeAldusChecksum
 0001:0007146C       ConfirmOverwriteEx
 0001:0000D648       Consts
 0001:00021680       Contnrs
 0002:0000374E       ControlAtom
 0001:00037654       Controls
 0001:0000AD94       ConvertAddr
 0001:000093F0       ConvertEraString
 0001:00007848       ConvertErrorFmt
 0001:0000955C       ConvertYearString
 0001:000042E0       CopyArray
 0001:0001E730       CopyBitmap
 0001:0001EDF0       CopyBitmapAsMask
 0002:00001890       CopyBits
 0001:00006074       CopyEnhMetaFile
 0002:000018E0       CopyMax
 0002:000018C8       CopyMin
 0001:0001ED8C       CopyPalette
 0001:0003D92C       CopyToBest
 0001:0000BA84       CountChars
 0002:00003680       CounterLock
 0002:0000148C       CRC32Table
 0001:0000B388       CreateAssertException
 0001:0000B520       CreateAVObject
 0001:0000607C       CreateBitmap
 0001:00006084       CreateBrushIndirect
 0001:0000608C       CreateCompatibleBitmap
 0001:00006094       CreateCompatibleDC
 0001:000135C8       CreateComponent
 0001:000060A4       CreateDIBitmap
 0001:0000609C       CreateDIBSection
 0001:00000290       CreateDirectory
 0001:000060AC       CreateEnhMetaFile
 0001:00005DF4       CreateEvent
 0001:00005DFC       CreateFile
 0001:00000210       CreateFileA
 0001:000060B4       CreateFontIndirect
 0001:000060BC       CreateHalftonePalette
 0001:0000632C       CreateIcon
 0001:0000B2C4       CreateInOutError
 0001:00066134       CreateIOError
 0001:00006334       CreateMenu
 0001:000060C4       CreatePalette
 0001:00068C1C       CreatePath
 0001:000060CC       CreatePenIndirect
 0001:0000633C       CreatePopupMenu
 0001:0008A570       CreateRichViewItem
 0001:000060D4       CreateSolidBrush
 0001:0001B378       CreateSystemPalette
 0001:00005E04       CreateThread
 0001:00006870       CreateWindow
 0001:00006344       CreateWindowEx
 0002:00000714       CreationControl
 0001:0007E3F4       CRVData
 0001:00085DDC       CRVFData
 0002:0000070C       CSHREDRAW
 0002:00001C00       cssBkAttachment
 0002:00001C14       cssBkRepeat
 0002:00001C78       cssFontStyle
 0002:00001C80       cssFontWeight
 0002:00001C88       cssTextAlign
 0002:00000810       Ctl3DStyles
 0002:00003488       curAlloc
 0002:000034F8       CurrencyDecimals
 0002:000034F4       CurrencyFormat
 0002:000034F0       CurrencyString
 0002:00003C94       CurrentCompType
 0001:00009288       CurrentYear
 0002:00000A04       CursorMap
 0002:00000724       Cursors
 0001:0002A248       CursorToIdent
 0002:00000028       cwChop
 0002:00003D80       DataPath
 0002:000034F9       DateSeparator
 0001:00009E64       DateTimeToStr
 0001:00009DD8       DateTimeToString
 0001:00008EEC       DateTimeToTimeStamp
 0001:00009E34       DateToStr
 0001:00009260       DayOfWeek
 0002:000003E0       DDBsOnly
 0001:000423FC       DeallocateHWnd
 0002:00000008       DebugHook
 0002:000034F7       DecimalSeparator
 0001:00009240       DecodeDate
 0001:00008F9C       DecodeTime
 0001:000007D0       Decommit
 0001:00000DEC       DecommitFree
 0002:00003464       decommittedRoot
 0002:00003D6C       Decompress
 0001:000934B0       DecompressDataFile
 0002:000039F8       Decompressing
 0001:0006551C       Decrypt
 0001:00044D50       Default
 0001:00049D00       Default
 0002:00000000       Default8087CW
 0002:00000718       DefaultDockTreeClass
 0002:00001478       DefaultLangInfo
 0002:000005E4       DefBrushData
 0002:000003B4       DefFontData
 0001:0000634C       DefFrameProc
 0002:00000240       DefLongDayNames
 0002:000001F4       DefLongMonthNames
 0001:00006354       DefMDIChildProc
 0002:000005C4       DefPenData
 0002:00000224       DefShortDayNames
 0002:000001C4       DefShortMonthNames
 0001:0000635C       DefWindowProc
 0001:00068458       DeleteaFile
 0001:0000048C       DeleteBlock
 0001:000003FC       DeleteCriticalSection
 0001:00005E0C       DeleteCriticalSection
 0001:000060DC       DeleteDC
 0001:000060E4       DeleteEnhMetaFile
 0001:00000218       DeleteFileA
 0001:00000C34       DeleteFree
 0001:00006364       DeleteMenu
 0001:00068098       DeleteNode
 0001:000060EC       DeleteObject
 0001:00066C6C       Delete_Node
 0001:0001E2EC       DeselectBitmap
 0001:0000636C       DestroyCursor
 0001:00006374       DestroyIcon
 0001:00074700       DestroyLocals
 0001:0000637C       DestroyMenu
 0001:00006384       DestroyWindow
 0002:00001434       DeviceName
 0001:0004EC80       Dialogs
 0002:00000620       DIBPalSizes
 0002:0000387C       DictFile
 0001:00066E8C       Dictionary
 0002:00000054       dig
 0002:0000147C       Digits
 0001:00065F44       DirectoryExists
 0001:00041FE8       DisableTaskWindows
 0001:0000860C       DiskFree
 0001:0000638C       DispatchMessage
 0001:00047FEC       DispatchShortCut
 0001:00065360       DisposeString
 0002:00003874       Distance
 0001:0000782C       DivMod
 0001:0004EA24       Dlgs
 0001:0008DE78       DLines
 0001:0002F6D0       DoAlign
 0001:00049108       DoAlign
 0001:00033508       DoCalcConstraints
 0002:00003778       DockSiteList
 0001:0003E4BC       DoClick
 0001:00030B9C       DoControlMsg
 0001:00041F98       DoDisableWindow
 0001:0002AEBC       DoDragOver
 0001:00009034       DoEncodeDate
 0001:0006965C       DoEncodeIt
 0001:00008F2C       DoEncodeTime
 0001:000078C8       DoExitProc
 0001:00035030       DoFindControlZone
 0001:000420D4       DoFindWindow
 0001:00035594       DoFindZone
 0001:000350B4       DoForEach
 0001:00036928       DoGetNextLimit
 0001:00041F60       DoneApplication
 0001:00037480       DoneControls
 0001:0000B894       DoneExceptions
 0001:000464CC       DoNestedActivation
 0001:0002F334       DoPosition
 0001:00048F58       DoPosition
 0001:00035FA8       DoPrune
 0001:0004D86C       DoRect
 0001:00036458       DoSaveZone
 0001:00005E14       DosDateTimeToFileTime
 0001:0003665C       DoSetNewBounds
 0002:00000350       DotSep
 0001:00011140       DoWrite
 0001:00039404       DoWrite
 0001:0002E080       DoWrite
 0001:0001C008       DoWrite
 0001:0001CF5C       DoWrite
 0002:0000375C       DragCapture
 0002:00003750       DragControl
 0001:0002B608       DragDone
 0001:0002AE6C       DragFindTarget
 0001:0002AE40       DragFindWindow
 0002:00003758       DragFreeObject
 0002:00003774       DragImageList
 0001:0002B260       DragInit
 0001:0002B3D0       DragInitControl
 0001:0002ADC4       DragMessage
 0002:00003754       DragObject
 0002:00003768       DragSaveCursor
 0002:00003760       DragStartPos
 0002:0000376C       DragThreshold
 0001:0002AF8C       DragTo
 0001:00049D3C       DrawAppIcon
 0001:00035B0C       DrawCloseButton
 0001:0008EF5C       DrawDesignInfo
 0001:00006394       DrawEdge
 0001:0000639C       DrawFocusRect
 0001:000063A4       DrawFrameControl
 0001:00035B64       DrawGrabberLine
 0001:000063AC       DrawIcon
 0001:000063B4       DrawIconEx
 0002:00000848       DrawingStyles
 0001:000063BC       DrawMenuBar
 0001:0003F794       DrawMenuItem
 0001:00092AB0       DrawOutline
 0001:00082D9C       DrawText
 0001:000063C4       DrawText
 0001:00074098       DrawTrRect
 0001:00068640       DummifyHeaderReserved
 0001:0001AE48       DupBits
 0001:000042F8       DynArrayClear
 0001:00004300       DynArraySetLength
 0002:0000092C       EdgeStyle
 0002:00000800       EdgeStyles
 0001:0000B298       EHeapException.FreeInstance
 0001:000060F4       Ellipse
 0001:0004EFA8       EmitMessage
 0001:000063CC       EmptyClipboard
 0002:00003410       EmptyParam
 0002:00000118       EmptyStr
 0001:000063D4       EnableMenuItem
 0002:000008C4       Enables
 0001:000063DC       EnableScrollBar
 0001:0004209C       EnableTaskWindows
 0001:000063E4       EnableWindow
 0001:000654D8       Encrypt
 0001:0000FBD4       EndGlobalLoading
 0001:000063EC       EndPaint
 0001:00005E1C       EnterCriticalSection
 0001:000003EC       EnterCriticalSection
 0001:00005E24       EnumCalendarInfoA
 0001:000063F4       EnumClipboardFormats
 0002:000036D0       EnumDisplayMonitors
 0001:0000A9E0       EnumEraNames
 0001:0000AA1C       EnumEraYearOffsets
 0001:00048628       EnumMonitorsProc
 0001:00004910       EnumResourceModules
 0001:00004908       EnumResourceModules
 0001:00007F68       EnumStringModules
 0001:000063FC       EnumThreadWindows
 0001:00012F28       EnumValue
 0001:00006404       EnumWindows
 0001:0000640C       EqualRect
 0002:000035BC       EraNames
 0001:0000A0D0       EraToYear
 0002:000035D8       EraYearOffsets
 0002:0000004C       errCaption
 0001:00012810       Error
 0001:000017B0       Error
 0001:0003A83C       Error
 0002:0000303C       ErrorAddr
 0001:0000B344       ErrorHandler
 0002:0000025C       ErrorMap
 0002:00003004       ErrorProc
 0001:0000AD7C       ExceptAddr
 0002:00003008       ExceptClsProc
 0001:0000B7B8       ExceptHandler
 0001:0000B000       Exception.Create
 0001:0000B03C       Exception.CreateFmt
 0001:0000B0BC       Exception.CreateRes
 0001:0000B134       Exception.CreateRes
 0001:0000B204       Exception.CreateResFmt
 0001:0000B170       Exception.CreateResFmt
 0002:00003010       ExceptionClass
 0001:0000ADA0       ExceptionErrorMessage
 0002:00000294       ExceptMap
 0001:0000AD64       ExceptObject
 0002:0000300C       ExceptObjProc
 0002:00003000       ExceptProc
 0001:000060FC       ExcludeClipRect
 0002:00003034       ExitCode
 0001:00002C24       ExitDll
 0002:00003038       ExitProc
 0001:00000280       ExitProcess
 0002:0000018C       ExitProcList
 0001:0000852C       ExpandFileName
 0001:0004E9EC       ExtCtrls
 0002:000006EC       ExtendSelects
 0001:0006E618       ExtractArchiveCommentFile
 0001:00008450       ExtractFileDir
 0001:000084E4       ExtractFileExt
 0001:000084AC       ExtractFileName
 0001:0000841C       ExtractFilePath
 0001:00006104       ExtTextOut
 0002:00003738       FClipboard
 0001:0006E9A8       FCopy
 0002:000038E0       fDecompressMask
 0002:00001934       FIgnoreExtensions
 0001:000080B8       FileAge
 0001:000080B0       FileClose
 0001:00008028       FileCreate
 0001:00008120       FileExists
 0002:00000618       FileFormats
 0001:000081D8       FileGetAttr
 0001:00008130       FileGetDate
 0001:0006DFA0       FileMatch
 0002:000038CC       FileMatchFunc
 0002:00003046       FileMode
 0001:00007FE8       FileOpen
 0001:0000804C       FileRead
 0002:00000358       FilerSignature
 0001:000080A4       FileSeek
 0001:000081EC       FileSetAttr
 0001:00008180       FileSetDate
 0001:00005E2C       FileTimeToDosDateTime
 0001:00005E34       FileTimeToLocalFileTime
 0001:0006616C       FileVersionInfo
 0001:00008078       FileWrite
 0001:00000D1C       FillAfterGap
 0001:00000CC8       FillBeforeGap
 0001:00000DB4       FillerSizeAfterGap
 0001:00000D44       FillerSizeBeforeGap
 0001:00006414       FillRect
 0001:000668F4       FinalCRC32
 0001:0004BDAC       Finalization
 0001:00021744       Finalization
 0001:0004EC24       Finalization
 0001:00005AF8       Finalization
 0001:0004BDE4       Finalization
 0001:00037600       Finalization
 0001:00021ED0       Finalization
 0001:00021F10       Finalization
 0001:00021F50       Finalization
 0001:00021F88       Finalization
 0001:00021FC0       Finalization
 0001:00038468       Finalization
 0001:00039940       Finalization
 0001:0004E9F4       Finalization
 0001:0000D078       Finalization
 0001:0003FA80       Finalization
 0001:00085DAC       Finalization
 0001:0000DF34       Finalization
 0001:0006687C       Finalization
 0001:0000D240       Finalization
 0001:00085DE4       Finalization
 0001:00085E1C       Finalization
 0001:0000D618       Finalization
 0001:00070380       Finalization
 0001:000179E4       Finalization
 0001:000222E4       Finalization
 0001:00005D94       Finalization
 0001:00070340       Finalization
 0001:0004E9BC       Finalization
 0001:00027B78       Finalization
 0001:000281F4       Finalization
 0001:00093934       Finalization
 0001:000283AC       Finalization
 0001:00089A04       Finalization
 0001:00021650       Finalization
 0001:0007E398       Finalization
 0001:0004ECB4       Finalization
 0001:000731B8       Finalization
 0001:00073E10       Finalization
 0001:000746C8       Finalization
 0001:00065C94       Finalization
 0001:0004BD74       Finalization
 0001:000212F4       Finalization
 0001:00066A4C       Finalization
 0001:0007719C       Finalization
 0001:00076CBC       Finalization
 0001:0008D13C       Finalization
 0001:00076C6C       Finalization
 0001:0000699C       Finalization
 0001:000069D4       Finalization
 0001:0006840C       Finalization
 0001:0004BD3C       Finalization
 0001:00006CC4       Finalization
 0001:000768B0       Finalization
 0001:0008DA84       Finalization
 0001:00076688       Finalization
 0001:0004BD04       Finalization
 0001:00062464       Finalization
 0001:00066A14       Finalization
 0001:0004BCCC       Finalization
 0001:00093E54       Finalization
 0001:0004BC58       Finalization
 0001:00074CDC       Finalization
 0001:0007F0B4       Finalization
 0001:0007FAB8       Finalization
 0001:000683D4       Finalization
 0001:0008DE48       Finalization
 0001:0008F868       Finalization
 0001:0009230C       Finalization
 0001:00093E8C       Finalization
 0001:000907B4       Finalization
 0001:00091F68       Finalization
 0001:0006257C       Finalization
 0001:00090AF0       Finalization
 0001:000919A4       Finalization
 0001:00091CA0       Finalization
 0001:00067D90       Finalization
 0001:00064FFC       Finalization
 0001:00074798       Finalization
 0001:000042F0       FinalizeArray
 0001:0008A67C       FinalizeList
 0001:0003E2D0       Find
 0001:000152DC       FindAncestor
 0001:00004550       FindBS
 0001:0000F594       FindClass
 0001:00004524       FindClassHInstance
 0001:000082EC       FindClose
 0001:00000298       FindClose
 0001:00005E3C       FindClose
 0001:00000C98       FindCommitted
 0001:0002A068       FindControl
 0001:0003579C       FindControlAtPos
 0001:0008580C       FindCPBefore
 0001:0002B8B4       FindDragTarget
 0001:00013778       FindExistingComponent
 0001:00008278       FindFirst
 0001:000002A0       FindFirstFile
 0001:00005E44       FindFirstFile
 0002:00003618       FindGlobalComponent
 0001:000421E0       FindGlobalComponent
 0001:000044FC       FindHInstance
 0001:0000F9B8       FindIdentToInt
 0001:0000F934       FindIntToIdent
 0001:00008214       FindMatchingFile
 0002:00003814       FindMsg
 0001:00012AC4       FindNestedComponent
 0001:000082C8       FindNext
 0001:00005E4C       FindNextFile
 0001:0003A808       FindPopupControl
 0001:00005E54       FindResource
 0001:0000452C       FindResourceHInstance
 0001:0004B608       FindScanline
 0001:00007F90       FindStringResource
 0001:00042138       FindTopMostWindow
 0001:00014648       FindUniqueName
 0001:0002B880       FindVCLWindow
 0001:0000641C       FindWindow
 0001:00002AA8       FInitUnits
 0001:00065FFC       FirstDirectoryBetween
 0001:0001E6E4       FixupBitFields
 0002:0000093C       Flags
 0002:00003604       FLanguages
 0001:00022314       FlatSB
 0002:000036F8       FlatSB_EnableScrollBar
 0002:00003704       FlatSB_GetScrollInfo
 0002:00003708       FlatSB_GetScrollPos
 0002:00003700       FlatSB_GetScrollRange
 0002:00003710       FlatSB_SetScrollInfo
 0002:0000370C       FlatSB_SetScrollPos
 0001:00022004       FlatSB_SetScrollProp
 0002:00003714       FlatSB_SetScrollRange
 0002:000036FC       FlatSB_ShowScrollBar
 0001:0000CD75       FloatToDecimal
 0001:00008E80       FloatToStr
 0001:0000C7D2       FloatToText
 0001:0000CAA2       FloatToTextFmt
 0001:00067168       Flush_Bits
 0002:000001B8       FMSecsPerDay
 0001:00008DB8       FmtStr
 0002:00000954       FocusCount
 0002:00000950       FocusMessages
 0002:00000534       FontCharsets
 0002:00003698       FontManager
 0001:000421B4       ForegroundTask
 0001:00008DA4       Format
 0002:000001C0       Format
 0001:00008944       FormatBuf
 0001:00008938       FormatClearStr
 0001:000088CC       FormatError
 0002:000001B0       FormatErrorStrs
 0001:0004EFB0       FormatMessage
 0001:00005E5C       FormatMessage
 0001:00008924       FormatVarToStr
 0001:0004BCAC       Forms
 0001:0000559C       FPower10
 0002:00000670       FPrinter
 0001:0004D930       Frame3D
 0001:00006424       FrameRect
 0001:0000C44C       FreeAndNil
 0001:0007AF14       FreeCheckpointTag
 0001:00000A04       FreeCommitted
 0001:00000F0C       FreeCurAlloc
 0001:0002B974       FreeDeviceContext
 0001:0002BA30       FreeDeviceContexts
 0001:00005E64       FreeEnvironmentStrings
 0001:00017970       FreeIntConstList
 0001:00005E6C       FreeLibrary
 0001:000002A8       FreeLibrary
 0001:0001E240       FreeMemoryContexts
 0001:00042324       FreeObjectInstance
 0001:00066864       FreeOnDisk
 0001:00005E74       FreeResource
 0001:00000684       FreeSpace
 0001:0000C27C       FreeTerminateProcs
 0001:00016A2C       FreeThreadWindow
 0001:000686E0       FreeupArchiveFiles
 0001:00066B14       FreeVars
 0002:00003864       Freq
 0001:00093E84       frmBack
 0001:00091F98       frmDecompress
 0001:000907E4       frmHelp
 0001:000746F8       frmIntro
 0001:000919D4       frmMainMenu
 0001:0009233C       frmMessBox
 0001:00090B20       frmNewGame
 0001:00091CD0       frmSetup
 0001:00065D80       FSize
 0002:00001C9C       GameVersion
 0001:0001AE38       GDICheck
 0001:0001AD90       GDIError
 0001:0000610C       GdiFlush
 0001:0000642C       GetActiveWindow
 0001:000495DC       GetAnimation
 0001:00065560       GetArchiveHeaderCRC
 0001:00006114       GetBitmapBits
 0001:00000404       GetBlockDesc
 0001:0000611C       GetBrushOrgEx
 0001:00067DE8       GetC
 0001:00006434       GetCapture
 0001:0002A2F0       GetCaptureControl
 0001:000694E4       GetChiefLZArchiveInfo
 0001:00069638       GetChiefLZArchiveSize
 0001:000692F8       GetChiefLZFileInfo
 0001:00069268       GetChiefLZFileName
 0001:0000F4E4       GetClass
 0001:0000643C       GetClassInfo
 0001:00006444       GetClientRect
 0001:0000644C       GetClipboardData
 0001:0001C934       GetClipboardFormats
 0001:00006124       GetClipBox
 0001:000003A0       GetCmdShow
 0001:0003860C       GetColor
 0001:000002B0       GetCommandLine
 0001:00000850       GetCommitted
 0001:000008E0       GetCommittedAt
 0001:000160F0       GetComponentValue
 0001:00066420       GetCompressionRatio
 0001:0006A578       GetCompressionType
 0001:000306E0       GetControlAtPos
 0001:0000934C       GetCount
 0001:00005E7C       GetCPInfo
 0001:000002B8       GetCurrentDirectory
 0001:0000612C       GetCurrentPositionEx
 0001:00005E84       GetCurrentProcessId
 0001:00005E8C       GetCurrentThreadId
 0001:00004BCC       GetCurrentThreadId
 0001:000067EC       GetCurrentTime
 0001:00006454       GetCursor
 0001:0004B618       GetCursorHeightMargin
 0001:0000645C       GetCursorPos
 0001:00009378       GetDate
 0001:00005E94       GetDateFormat
 0001:00009FF4       GetDateOrder
 0001:00006464       GetDC
 0001:0000646C       GetDCEx
 0001:00006134       GetDCOrgEx
 0001:00020F00       GetDefFontCharSet
 0001:00010DFC       GetDesigner
 0001:00006474       GetDesktopWindow
 0001:0000614C       GetDeviceCaps
 0001:0008034C       GetDevX
 0001:0008036C       GetDevY
 0001:0001BD98       GetDIB
 0001:0000613C       GetDIBColorTable
 0001:00006144       GetDIBits
 0001:0001BCE0       GetDIBSizes
 0001:0001AFA8       GetDInColors
 0001:00068B6C       GetDirIndex
 0001:00005E9C       GetDiskFreeSpaceA
 0002:00000188       GetDiskFreeSpaceEx
 0001:000369E8       GetDockAlign
 0001:0002AC18       GetDockSiteAtPos
 0001:0002AEF8       GetDropCtl
 0001:00002274       GetDynaMethod
 0001:00006154       GetEnhMetaFileBits
 0001:0000615C       GetEnhMetaFileDescription
 0001:00006164       GetEnhMetaFileHeader
 0001:0000616C       GetEnhMetaFilePaletteEntries
 0001:0000D688       GetEnumName
 0001:0000D768       GetEnumNameValue
 0001:0000D7B4       GetEnumValue
 0001:00066708       GetEnv
 0001:00005EA4       GetEnvironmentStrings
 0001:0000AA94       GetEraNamesAndYearOffsets
 0001:0000A07C       GetEraYearOffset
 0001:0000B50C       GetExceptionClass
 0001:0000B6EC       GetExceptionObject
 0001:0000F5B4       GetFieldClass
 0001:0000F46C       GetFieldClassTable
 0001:00005EAC       GetFileAttributes
 0001:000668F8       GetFileCRC
 0001:0001C914       GetFileFormats
 0001:0006E94C       GetFileMatchFunc
 0001:00000228       GetFileSize
 0001:00005EB4       GetFileTime
 0001:00000220       GetFileType
 0001:00068D34       GetFileVersion
 0001:0000604C       GetFileVersionInfo
 0001:00006054       GetFileVersionInfoSize
 0001:0000DCB4       GetFloatProp
 0001:0000647C       GetFocus
 0001:00019434       GetFontData
 0001:00078820       GetFontSize
 0001:00006484       GetForegroundWindow
 0001:0000BE40       GetFormatSettings
 0001:000688C8       GetFoundFileName
 0001:00065B84       GetFullLZName
 0001:00005EBC       GetFullPathName
 0001:00018A88       GetHashCode
 0001:000493C8       GetHint
 0001:000493F8       GetHintControl
 0001:0003F920       GetHotkey
 0001:0008A6B0       GetHTMLImageAlign
 0001:0000648C       GetIconInfo
 0001:0006D638       GetIgnoreExtensions
 0001:0000DED0       GetInt64Prop
 0001:000064A4       GetKeyboardLayout
 0001:000064AC       GetKeyboardLayoutList
 0001:000064B4       GetKeyboardState
 0001:00001F08       GetKeyboardType
 0001:00006494       GetKeyNameText
 0001:0000649C       GetKeyState
 0001:000064BC       GetLastActivePopup
 0001:00005EC4       GetLastError
 0001:000002C0       GetLastError
 0001:0000A858       GetLocaleChar
 0001:00005ED4       GetLocaleInfo
 0001:000002C8       GetLocaleInfo
 0001:0000A80C       GetLocaleStr
 0001:00005ECC       GetLocalTime
 0001:0002A2AC       GetLongHint
 0001:0000DA90       GetLongStrProp
 0001:00068D78       GetLZMarkedName
 0001:000064C4       GetMenu
 0001:00046E38       GetMenuHelpContext
 0001:000064CC       GetMenuItemCount
 0001:000064D4       GetMenuItemID
 0001:000064DC       GetMenuItemInfo
 0001:0003CBFC       GetMenuSize
 0001:000064E4       GetMenuState
 0001:000064EC       GetMenuString
 0001:0000DE58       GetMethodProp
 0001:000002D0       GetModuleFileName
 0001:00005EDC       GetModuleFileName
 0001:00005C58       GetModuleFileName
 0001:00005EE4       GetModuleHandle
 0001:000002D8       GetModuleHandle
 0001:00005C60       GetModuleHandle
 0002:000036CC       GetMonitorInfo
 0002:000036C4       GetMonitorInfoA
 0002:000036C8       GetMonitorInfoW
 0001:0000A8BC       GetMonthDayNames
 0001:000064F4       GetNextWindow
 0001:00077F14       GetNonTextStr
 0001:00006174       GetObject
 0001:0000D8B8       GetOrdProp
 0001:0000617C       GetPaletteEntries
 0001:00001A70       GetParamStr
 0001:000064FC       GetParent
 0001:00042570       GetParentForm
 0001:00006184       GetPixel
 0001:00005EEC       GetPrivateProfileString
 0001:00005EF4       GetProcAddress
 0001:000002E0       GetProcAddress
 0001:00006504       GetProp
 0001:0000D7C8       GetPropInfo
 0001:0000D834       GetPropInfos
 0001:00042A30       GetRealScrollPosition
 0001:000385EC       GetRGBColor
 0001:0000650C       GetScrollInfo
 0001:00006514       GetScrollPos
 0001:0000651C       GetScrollRange
 0001:0002A268       GetShortHint
 0001:0000D988       GetShortStrProp
 0001:0000DA20       GetShortStrPropAsLongStr
 0001:000005A8       GetSpace
 0001:0000060C       GetSpaceAt
 0001:0003A894       GetSpecialName
 0001:000002E8       GetStartupInfo
 0001:00000230       GetStdHandle
 0001:0000618C       GetStockObject
 0001:00077E64       GetStr
 0001:0000DC48       GetStrProp
 0001:00006524       GetSubMenu
 0001:0000652C       GetSysColor
 0001:00005EFC       GetSystemInfo
 0001:00006534       GetSystemMenu
 0002:000036B4       GetSystemMetrics
 0001:0000653C       GetSystemMetrics
 0001:00006194       GetSystemPaletteEntries
 0001:00068834       GetTempChiefFileName
 0001:00005F04       GetTempFileName
 0001:00005F0C       GetTempPath
 0001:0000619C       GetTextExtentExPointA
 0001:000061A4       GetTextExtentExPointW
 0001:000061BC       GetTextExtentPoint32
 0001:000061AC       GetTextExtentPoint32A
 0001:000061B4       GetTextExtentPoint32W
 0001:000061C4       GetTextMetrics
 0001:00005F14       GetThreadLocale
 0001:000002F0       GetThreadLocale
 0001:00005F1C       GetTickCount
 0001:000093B0       GetTime
 0001:00049AEC       GetTopMostWindows
 0001:0002A3F8       GetTopParent
 0001:00006544       GetTopWindow
 0001:0007CD74       GetTwipsPerPixel
 0001:0000D67C       GetTypeData
 0001:0000DDD8       GetVariantProp
 0001:00005F24       GetVersion
 0001:00005F2C       GetVersionEx
 0001:0000DB24       GetWideStrProp
 0001:0000DBA4       GetWideStrPropAsLongStr
 0001:0000654C       GetWindow
 0001:00006554       GetWindowDC
 0001:0000655C       GetWindowLong
 0001:000061D4       GetWindowOrgEx
 0001:00006564       GetWindowPlacement
 0001:0000656C       GetWindowRect
 0001:00006574       GetWindowText
 0001:0000657C       GetWindowThreadProcessId
 0001:000061CC       GetWinMetaFileBits
 0001:00005F34       GlobalAddAtom
 0001:00005F3C       GlobalAlloc
 0001:000067F8       GlobalAllocPtr
 0001:00005F44       GlobalDeleteAtom
 0002:0000362C       GlobalFixupList
 0001:00012C0C       GlobalFixupReferences
 0001:00005F4C       GlobalFree
 0001:00006824       GlobalFreePtr
 0001:00005F5C       GlobalHandle
 0001:00005F54       GlobalLock
 0002:00003614       GlobalNameSpace
 0001:00005F64       GlobalReAlloc
 0001:00006808       GlobalReAllocPtr
 0001:00005F6C       GlobalUnlock
 0001:000213C8       Graphics
 0001:00013E40       HandleException
 0002:00003844       Head
 0002:00000004       HeapAllocFlags
 0002:00003430       heapErrorCode
 0002:00003434       heapLock
 0002:00003884       Height
 0002:00003D4C       Help
 0002:00003810       HelpMsg
 0002:00000184       HexDisplayPrefix
 0001:00066654       HexL
 0001:00066600       HexW
 0001:000067E4       HiByte
 0002:000006A8       HideSelections
 0001:00083DCC       HighlightJump
 0002:000034D8       HInstance
 0002:000037E0       HintDoneEvent
 0001:000494C8       HintGetMsgHook
 0002:000037E4       HintHook
 0001:0004946C       HintMouseThread
 0002:000037E8       HintThread
 0002:000037DC       HintThreadID
 0001:00049418       HintTimerProc
 0002:0000094C       HintWindowClass
 0001:000067E0       HiWord
 0001:0004950C       HookHintHooks
 0001:000068A4       HwndMSWheel
 0002:000008E0       IBreaks
 0002:000008EC       IChecks
 0002:000008F4       IDefaults
 0001:00019424       IdentToCharset
 0001:0001921C       IdentToColor
 0001:0002A258       IdentToCursor
 0001:0000FA3C       IdentToInt
 0002:000008FC       IEnables
 0001:0003D8FC       IfHotkeyAvailable
 0001:000216A0       ImageList_Add
 0001:000216C0       ImageList_AddIcon
 0001:000216E4       ImageList_BeginDrag
 0001:00021688       ImageList_Create
 0001:00021690       ImageList_Destroy
 0001:000216F4       ImageList_DragEnter
 0001:000216FC       ImageList_DragLeave
 0001:00021704       ImageList_DragMove
 0001:00021714       ImageList_DragShowNolock
 0001:000216CC       ImageList_Draw
 0001:000216D4       ImageList_DrawEx
 0001:000216EC       ImageList_EndDrag
 0001:000216B8       ImageList_GetBkColor
 0001:0002171C       ImageList_GetDragImage
 0001:00021734       ImageList_GetIconSize
 0001:00021698       ImageList_GetImageCount
 0001:00021724       ImageList_Read
 0001:000216DC       ImageList_Remove
 0001:000216A8       ImageList_ReplaceIcon
 0001:000216B0       ImageList_SetBkColor
 0001:0002170C       ImageList_SetDragCursorImage
 0001:0002173C       ImageList_SetIconSize
 0001:0002172C       ImageList_Write
 0002:00000858       Images
 0001:00074D0C       ImgBtn
 0001:00039970       ImgList
 0001:00021F40       Imm
 0002:00000834       IMM32DLL
 0001:0003746C       Imm32IsIME
 0002:000001BC       IMSecsPerDay
 0002:00003868       InBuf
 0002:000018C4       InBufCount
 0002:00001928       InBufP
 0002:00001914       InBufPtr
 0002:00001918       InBufSize
 0001:00006584       InflateRect
 0001:00073E58       IniFiles
 0001:00000A90       InitAllocator
 0001:0002177C       InitAnApi
 0002:000036DC       InitApis
 0001:0000FC48       InitComponent
 0002:000034A0       InitContext
 0001:000374F4       InitControls
 0001:000668EC       InitCRC32
 0001:00042260       InitCtl3D
 0001:0004F280       InitDecompressor
 0001:000502F0       InitDefaults
 0001:00020F44       InitDefFontData
 0001:0000C29C       InitDriveSpacePtr
 0001:0000B7C8       InitExceptions
 0001:00022060       InitFlatSB
 0001:0004EAD0       InitGlobals
 0001:00066B70       INITIALIZE
 0001:0001BB98       InitializeBitmapInfoHeader
 0001:000003E4       InitializeCriticalSection
 0001:00005F74       InitializeCriticalSection
 0002:0000342C       initialized
 0001:00022038       InitializeFlatSB
 0001:0008A668       InitializeList
 0001:00005D14       InitializeModule
 0001:00092F20       InitializeProgram
 0001:0003710C       InitIMM32
 0001:0000FCF0       InitInheritedComponent
 0001:00021E64       InitMultiMonStubs
 0001:0000B900       InitPlatformId
 0002:00003030       InitProc
 0001:0006A860       InitReportRec
 0001:00020EC8       InitScreenLogPixels
 0001:0000BD88       InitSysLocale
 0001:00005C80       InitThreadTLS
 0001:00067E58       InitTree
 0001:00002B08       InitUnits
 0001:00066A84       InitVars
 0001:00029FB0       InitWndProc
 0002:000007E0       InnerStyles
 0001:00001824       InOutError
 0002:0000304C       Input
 0002:000018AC       Input_Bit_Buffer
 0002:000018A8       Input_Bit_Count
 0001:00067800       Input_Code
 0001:0002F2D4       InsertBefore
 0001:00048EF8       InsertBefore
 0001:00000E84       InsertFree
 0001:0003D9B0       InsertHotkeyFarEastFormat
 0001:0000658C       InsertMenu
 0001:00006594       InsertMenuItem
 0001:00067F70       InsertNode
 0001:0007A82C       InsertRVFHeaderData
 0002:00003878       Insrt
 0002:000037D4       InstBlockList
 0002:000037D8       InstFreeList
 0002:00003628       IntConstList
 0002:000006F4       IntegralHeights
 0001:00000398       InterlockedDecrement
 0001:00000390       InterlockedIncrement
 0001:000090FC       InternalDecodeDate
 0001:00018A14       InternalDeletePalette
 0001:00000CF8       InternalFreeMem
 0001:0001BCE8       InternalGetDIB
 0001:0001BC7C       InternalGetDIBSizes
 0001:000085DC       InternalGetDiskSpace
 0001:0000FAC0       InternalReadComponentRes
 0001:000061DC       IntersectClipRect
 0001:0000659C       IntersectRect
 0002:00003CA8       IntroForm
 0001:00007ED8       IntToHex
 0001:0000FA7C       IntToIdent
 0001:00007EA8       IntToStr
 0001:000065A4       InvalidateRect
 0001:0001AD18       InvalidBitmap
 0001:0001AD00       InvalidGraphic
 0001:0001AD24       InvalidIcon
 0001:0001AD30       InvalidMetafile
 0001:0001ACE8       InvalidOperation
 0001:0004EF1C       InvalidOperation
 0002:00003600       InvalidPointer
 0001:0000212C       InvokeImplGetter
 0001:000019F8       IOResult
 0002:0000091C       IOwnerDraw
 0002:00000904       IRadios
 0002:00000914       IRTL
 0001:00042500       IsAccel
 0001:0003EA70       IsAccelChar
 0001:0002A9D0       IsBeforeTargetWindow
 0001:0006910C       IsChiefLZArchive
 0001:00068ED4       IsChiefLZArchiveEx
 0001:00069120       IsChiefLZFileEx
 0001:0006D6F0       IsChiefLZSfxArchive
 0001:0006E970       IsChiefLZSpannedHeader
 0001:000065AC       IsChild
 0002:00003044       IsConsole
 0001:0006F91C       IsCorrectPart
 0001:00015F70       IsDefault
 0001:00016060       IsDefault
 0001:00015ED8       IsDefaultValue
 0001:00015D10       IsDefaultValue
 0001:000163D4       IsDefaultValue
 0001:0001650C       IsDefaultValue
 0001:00015E34       IsDefaultValue
 0001:0002AE1C       IsDelphiHandle
 0001:000065B4       IsDialogMessage
 0002:0000090C       ISeparators
 0001:0000D238       IsEqualIID
 0001:0006A7A8       IsFileInDir
 0001:000065BC       IsIconic
 0001:0003EACC       IsInitialChar
 0001:00008FF8       IsLeapYear
 0002:0000188C       IsLH6Initialized
 0002:00003024       IsLibrary
 0001:000687B0       IsLZInitialized
 0002:00001920       IsLZInitialized
 0002:00003045       IsMultiThread
 0001:000688E0       IsMyLZFile
 0001:000065C4       IsRectEmpty
 0001:0002ABD4       IsSiteChildOfClient
 0001:0000D888       IsStoredProp
 0001:0007BD98       IsTheSameStyleText
 0001:00007E44       IsValidIdent
 0001:000065CC       IsWindow
 0001:000065D4       IsWindowEnabled
 0001:000065DC       IsWindowVisible
 0001:000065E4       IsZoomed
 0001:0003AC60       Iterate
 0001:0003ACC0       IterateMenus
 0001:0004ECE4       jconsts
 0002:0000000C       JITEnable
 0001:0006F958       JoinThem
 0001:000624A4       jpeg
 0002:00000B0C       JPEGDefaults
 0001:0004EF34       JpegError
 0001:00051F7C       jpeg_calc_output_dimensions
 0001:000506A0       jpeg_consume_input
 0001:0005CA18       jpeg_CreateCompress
 0001:00050330       jpeg_CreateDecompress
 0001:0005BD6C       jpeg_destroy
 0001:000503F8       jpeg_destroy_decompress
 0001:0005CB28       jpeg_finish_compress
 0001:000507B4       jpeg_finish_decompress
 0001:00051E64       jpeg_finish_output
 0001:00050780       jpeg_has_multiple_scans
 0001:00050634       jpeg_read_header
 0001:00051CC8       jpeg_read_scanlines
 0001:0005C1F4       jpeg_set_colorspace
 0001:0005C090       jpeg_set_defaults
 0001:0005BFCC       jpeg_set_quality
 0001:0005C65C       jpeg_simple_progression
 0001:0005C840       jpeg_start_compress
 0001:00051B44       jpeg_start_decompress
 0001:00051E04       jpeg_start_output
 0001:0005BE90       jpeg_stdio_dest
 0001:00051AD8       jpeg_stdio_src
 0002:00000B14       jpeg_std_error
 0001:0005C8AC       jpeg_write_scanlines
 0002:000038D8       jR
 0002:000038DC       jR2
 0001:000424B4       KeyboardStateToShiftState
 0001:00042478       KeyDataToShiftState
 0001:00042424       KeysToShiftState
 0001:000065EC       KillTimer
 0001:00008338       LastDelimiter
 0002:00003890       LastLen
 0002:00000164       LeadBytes
 0001:00005F7C       LeaveCriticalSection
 0001:000003F4       LeaveCriticalSection
 0002:00003858       LeftC
 0001:000679B0       LH6Decode
 0001:00067258       LH6Encode
 0001:00068B1C       LH6ReadCallBack
 0002:00003838       LH6ReadProc
 0001:00068B44       LH6WriteCallBack
 0002:0000383C       LH6WriteProc
 0001:00067DC0       LHSix
 0002:00000014       LibModuleList
 0001:000061E4       LineTo
 0001:0002B8FC       ListAdd
 0001:000713E4       ListArchiveContentsEx
 0001:0002B924       ListRemove
 0002:000035F4       ListSeparator
 0001:000065F4       LoadBitmap
 0001:000065FC       LoadCursor
 0001:00006604       LoadIcon
 0001:0000660C       LoadKeyboardLayout
 0001:00005F84       LoadLibrary
 0001:000002F8       LoadLibraryEx
 0001:00005F8C       LoadResource
 0001:0000470C       LoadResourceModule
 0001:00004AA4       LoadResString
 0001:00007FB8       LoadStr
 0001:00000300       LoadString
 0001:00006614       LoadString
 0001:00005C68       LocalAlloc
 0001:000003C4       LocalAlloc
 0001:0006DF98       LocalArchiveHeaderPtr
 0001:00005F94       LocalFileTimeToFileTime
 0001:000003CC       LocalFree
 0001:0000A880       LocalGetLocaleStr
 0002:00003CA0       LocalInstance
 0001:00005F9C       LockResource
 0002:00003500       LongDateFormat
 0002:00003594       LongDayNames
 0002:00003548       LongMonthNames
 0002:00003514       LongTimeFormat
 0001:00007968       LowerCase
 0001:00000308       lstrcpy
 0001:00006044       lstrcpy
 0001:00000310       lstrcpyn
 0001:00000318       lstrlen
 0001:0006AB6C       LZArchive
 0001:0006DBE4       LZArchiveFromLZSFXArchive
 0001:0006EF34       LZArchiveSpan
 0001:0006970C       LZCompress
 0001:0006D188       LZCompressEx
 0001:0006FD90       LZDearchive
 0001:0006C1EC       LZDearchive_
 0001:00068288       LZDecode
 0001:00069D1C       LZDecompress
 0001:0006D228       LZDecompressEx
 0001:00067D88       LZDone
 0001:0006880C       LZDone
 0001:00068384       LZDone
 0001:00068128       LZEncode
 0001:000653B8       LZHeader_Construct
 0001:00065454       LZHeader_Destroy
 0002:000039FC       LZInFile
 0001:000687D8       LZInit
 0001:00068304       LZInit
 0001:00067D70       LZInit
 0001:0006A8C0       LZListArchive
 0002:00003B48       LZOutFile
 0002:000038A8       LZReadProc
 0002:00001BAC       LZReportProc
 0001:0006D984       LZSfxArchive
 0001:0006DEB8       LZSfxDearchive
 0002:000039F4       LZSpanPromptProc
 0001:00068404       LZSS32
 0001:00067DC8       LZSS_Read
 0001:00067DD4       LZSS_Write
 0001:000703B0       LZThunk
 0002:000038AC       LZWriteProc
 0001:0006843C       LZ_Const
 0002:0000301C       MainInstance
 0002:00003D5C       MainMenu
 0002:00003020       MainThreadID
 0001:000937F4       MakeDelay
 0001:00000454       MakeEmpty
 0001:00002BD4       MakeErrorMessage
 0001:0007CDB0       MakeFontTable
 0002:00000820       MakeLast
 0001:000067D4       MakeLong
 0001:0004228C       MakeObjectInstance
 0001:00006838       MakeROP4
 0001:0007CB28       MakeRTFStr
 0001:0007CB70       MakeRTFStr2
 0001:0000B48C       MapException
 0001:00002924       MapToRunError
 0001:0000661C       MapVirtualKey
 0001:00006624       MapWindowPoints
 0001:0006E564       MarkArchiveCommentFile
 0002:00000840       Mask
 0001:000061EC       MaskBlt
 0001:00066D14       Match
 0002:0000388C       MatchLen
 0001:00066474       MatchPattern
 0002:00003888       MatchPos
 0001:00066550       MatchStrings
 0001:00021F80       Math
 0001:0007FDBC       max
 0001:00021F48       Max
 0001:0008038C       MaxFitA
 0001:0008047C       MaxFitW
 0001:00044D9C       MaximizedChildren
 0001:00062554       mciGetErrorString
 0001:0006255C       mciSendCommand
 0001:00062568       mci_TMSF_Minute
 0001:00062570       mci_TMSF_Second
 0001:00062564       mci_TMSF_Track
 0002:0000001C       MemoryManager
 0002:00000874       MenuKeyCaps
 0001:0003FAF0       Menus
 0001:000004A4       MergeBlockAfter
 0001:00000F58       MergeCommit
 0001:00000288       MessageBox
 0001:0000662C       MessageBox
 0001:00006A04       Messages
 0002:00003D74       MessBox
 0001:00010514       Min
 0001:00066164       Min
 0001:00036920       Min
 0001:0002EC00       MinVar
 0002:000036E4       MMAvailable
 0001:000625AC       MMSystem
 0002:00000838       ModeMap
 0001:00046844       ModifySystemMenu
 0002:00000100       Module
 0002:000034CD       ModuleIsCpp
 0002:000034CC       ModuleIsLib
 0001:000179DC       ModuleUnload
 0002:00000018       ModuleUnloadList
 0002:000036C0       MonitorFromPoint
 0002:000036BC       MonitorFromRect
 0002:000036B8       MonitorFromWindow
 0002:00000134       MonthDays
 0002:00003740       Mouse
 0001:00083BEC       MouseMoveHotItem
 0001:00001A30       Move
 0001:00000238       MoveFileA
 0001:000061F4       MoveToEx
 0001:0002B944       MoveWindowOrg
 0001:0006502C       MPlayer
 0001:00005FA4       MulDiv
 0001:00005FAC       MultiByteToWideChar
 0001:00000320       MultiByteToWideChar
 0002:000006FC       MultiColumns
 0001:00021F00       MultiMon
 0002:000006E4       MultiSelects
 0001:00068974       MyFCopy
 0002:00001930       MyLZMarker
 0002:00001468       MyLZSignature
 0001:00068A90       MyReadProc
 0001:0007FD80       MyStrRScanA
 0001:0007FD98       MyStrRScanW
 0001:00068AD8       MyWriteProc
 0002:000034F5       NegCurrFormat
 0001:00000FE4       NewCommit
 0001:00001010       NewCommitAt
 0002:00003D54       NewGame
 0001:0006533C       NewString
 0002:00003744       NewStyleControls
 0002:0000384C       Next
 0002:0000035C       NilMethod
 0002:00000010       NoErrMsg
 0001:0003B98C       NormalDraw
 0001:000024DC       NotifyAnyExcept
 0001:00010E94       NotifyDesigner
 0001:000024B4       NotifyExcept
 0001:00002510       NotifyExceptFinally
 0001:0000FBA4       NotifyGlobalLoading
 0001:000049C8       NotifyModuleUnload
 0001:00002494       NotifyNonDelphiException
 0001:000024C8       NotifyOnExcept
 0001:00002478       NotifyReRaise
 0001:00002538       NotifyTerminate
 0001:00002554       NotifyUnhandled
 0001:0003E4AC       NthParentOf
 0002:00003400       Null
 0002:000006B0       OEMConverts
 0001:00006634       OemToAnsi
 0001:0000663C       OffsetRect
 0001:000039EC       OleStrToStrVar
 0001:000807B0       OnNonText
 0001:0008056C       OnStartNewLine
 0001:00006644       OpenClipboard
 0001:00078894       OpenFontTag
 0002:00000078       OpTypeMap
 0002:00000818       OrientArray
 0002:0000386C       OutBuf
 0002:000018C0       OutBufCount
 0002:0000192C       OutBufP
 0002:0000191C       OutBufPtr
 0002:000007F0       OuterStyles
 0002:000035FC       OutOfMemory
 0001:0001AD3C       OutOfResources
 0002:00003218       Output
 0001:0004EFAC       OutputMessage
 0001:000670A8       Output_Bit
 0002:000018B4       Output_Bit_Buffer
 0002:000018B0       Output_Bit_Count
 0001:00067140       Output_Code
 0001:00027728       PaintListBox
 0002:00000630       Pal16
 0001:00018DF8       PaletteChanged
 0001:0001B528       PaletteFromDIBColorTable
 0001:0001B5CC       PaletteToDIBColorTable
 0002:0000062C       PalSize
 0001:00001AE8       ParamStr
 0002:00003860       Parent
 0001:00034CD8       ParentNotLast
 0002:0000068C       Passwords
 0001:000061FC       PatBlt
 0002:000036A8       PatternManager
 0001:0000664C       PeekMessage
 0002:0000369C       PenManager
 0002:000005F4       PenModes
 0002:000005D4       PenStyles
 0001:00006204       PlayEnhMetaFile
 0001:0000F41C       Point
 0001:00006858       PointToSmallPoint
 0001:0000620C       Polygon
 0001:00006214       Polyline
 0002:000037B8       PopupList
 0001:00006654       PostMessage
 0001:0000665C       PostQuitMessage
 0001:0007C934       PrecedeCharacters
 0002:000038C0       PrestoChangoMagic
 0002:00003850       Prev
 0001:00021FFC       Printers
 0001:00047DEC       ProcessExecute
 0001:00042730       ProcessHorz
 0001:0009323C       ProcessSettings
 0001:00047EEC       ProcessUpdate
 0001:0004279C       ProcessVert
 0001:00093984       Procs
 0002:00003D7C       ProgramPath
 0001:0004F168       ProgressCallback
 0001:000714AC       ProgressReportEx
 0001:000715B0       PromptForDiskEx
 0001:00012F1C       PropertyNotFound
 0001:00013F40       PropPathError
 0002:000009A4       Props
 0001:00012F10       PropValueError
 0001:00085E4C       PtblRV
 0001:00006664       PtInRect
 0001:00085E14       PtRVData
 0001:00067E24       PutC
 0002:00001B58       PWordRec
 0002:0000377C       QualifyingSites
 0001:0000B434       RaiseAssertException
 0001:000660E8       RaiseError
 0001:00066104       RaiseErrorStr
 0001:00000240       RaiseException
 0001:0006614C       RaiseIOError
 0001:0000C1B8       RaiseLastWin32Error
 0001:000017A4       RaiseList
 0002:00003040       RandSeed
 0001:0007AF3C       ReadBackground
 0001:000358BC       ReadControlName
 0001:0007B014       ReadCurrentLine
 0001:00093368       ReadData
 0001:00012EF8       ReadError
 0001:00000248       ReadFile
 0001:00005FB4       ReadFile
 0001:0006582C       ReadFileHeaders
 0001:0001B878       ReadIcon
 0002:00000694       ReadOnlys
 0001:00092FF8       ReadSettings
 0002:000039E0       ReadThunkFunc
 0001:000141B8       ReadVariantProp
 0001:0000621C       RealizePalette
 0001:00013568       Recover
 0001:0000F434       Rect
 0001:0000622C       Rectangle
 0001:00006224       RectVisible
 0002:000033EC       RefAnyProc
 0001:00000328       RegCloseKey
 0001:00005DCC       RegCloseKey
 0001:0000666C       RegisterClass
 0001:0000F680       RegisterClass
 0001:0000F77C       RegisterClasses
 0001:00006674       RegisterClipboardFormat
 0001:0002AD64       RegisterDockSite
 0001:0000F908       RegisterIntegerConsts
 0001:00004A24       RegisterModule
 0001:0000667C       RegisterWindowMessage
 0001:00076D04       Registry
 0001:00000330       RegOpenKeyEx
 0001:00005DD4       RegOpenKeyEx
 0001:00000338       RegQueryValueEx
 0001:00005DDC       RegQueryValueEx
 0001:0004BD34       RegStr
 0001:00006684       ReleaseCapture
 0001:0004F25C       ReleaseContext
 0001:0000668C       ReleaseDC
 0002:00003484       remBytes
 0001:00065D58       RemoveBackSlash
 0001:00000518       RemoveBlock
 0001:00008640       RemoveDir
 0001:00005FBC       RemoveDirectory
 0001:00012DC8       RemoveFixupReferences
 0001:00012E74       RemoveFixups
 0001:0001314C       RemoveGlobalFixup
 0001:00006694       RemoveMenu
 0001:00004940       RemoveModuleUnloadProc
 0001:00004968       RemoveModuleUnloadProc
 0001:0000669C       RemoveProp
 0001:00068564       RenameaFile
 0002:000039E8       RenameThunkFunc
 0001:0007C9C0       ReplaceChars
 0001:0007836C       ReplaceStr
 0001:000783F4       ReplaceStr2
 0001:000714F0       RequestNewNameEx
 0001:0004EFB4       ResetErrorMgr
 0001:000687A4       ResetPassWordFlag
 0001:00001490       ResizeInPlace
 0001:00006234       RestoreDC
 0001:0003A838       ReturnAddr
 0001:000112A0       ReturnAddr
 0001:0000FFEC       ReturnAddr
 0001:0000AFA0       ReturnAddr
 0001:0001B2A8       RGBQuadToTriple
 0001:0001B270       RGBTripleToQuad
 0001:0008F898       RichView
 0002:00001C98       RichViewItemClassesList
 0002:0000385C       RightC
 0001:0000623C       RoundRect
 0002:00003480       rover
 0001:0007CA88       RTFReplaceHex
 0001:00000250       RtlUnwind
 0002:0000002C       runErrMsg
 0001:00002918       RunErrorAt
 0001:000771CC       RVBack
 0001:000773BC       RVCheckUni
 0001:000768E0       RVClasses
 0001:0008A6FC       RVFItemSavePara
 0001:0007E99C       RVFLoadControl
 0001:0007EB14       RVFLoadControlBinary
 0001:0007E7AC       RVFLoadPicture
 0001:0007E8B0       RVFLoadPictureBinary
 0001:0007F0E4       RVFMisc
 0001:0007AC4C       RVFReadHeader
 0001:0007ED20       RVFReadInteger
 0001:0007EECC       RVFReadParaStyle
 0001:0007ECA4       RVFReadString
 0001:0007EDC0       RVFReadTag
 0001:0007EDA0       RVFReadText
 0001:0007EF84       RVFReadTextStyle
 0001:0007B90C       RVFSaveBackground
 0001:0007EAB4       RVFSaveControl
 0001:0007EC40       RVFSaveControlBinary
 0001:0007F078       RVFSavePara
 0001:0007E850       RVFSavePicture
 0001:0007E938       RVFSavePictureBinary
 0001:0007EFF4       RVFSaveTag
 0001:0007F03C       RVFSaveText
 0001:0007B878       RVFSaveVersionInfo
 0001:0007C000       RVFSetHeaderHeader
 0001:0007E588       RVFStream2TextString
 0001:0007E638       RVFTextString2Stream
 0001:00076C9C       RVFuncs
 0001:0007E440       RVFWrite
 0001:0007B784       RVFWriteCheckpoint
 0001:0007E464       RVFWriteLine
 0001:0007E4DC       RVFWriteLineX
 0001:0007C068       RVFWriteNonText
 0001:0007BE28       RVFWritePrevStrings
 0001:0008D174       RVItem
 0002:00003D3C       RVNT
 0001:0007737C       RVRaiseUni
 0002:00001C6C       rvrtfDefault
 0001:0007FAE8       RVRVData
 0001:000766B8       RVScroll
 0001:00089A88       RVStyle
 0001:0008DAB4       RVUni
 0001:0008D594       RVU_AnsiToUnicode
 0001:0008D398       RVU_Charset2CodePage
 0001:0008D490       RVU_Charset2Language
 0001:0008D184       RVU_Copy
 0001:0008D954       RVU_GetHTMLEncodedUnicode
 0001:0008D1C4       RVU_GetTextExtentExPoint
 0001:0008D358       RVU_IsSpace
 0001:0008D2C4       RVU_Length
 0001:0008D388       RVU_OffsInPChar
 0001:0008D760       RVU_StrScanW
 0001:0008D2EC       RVU_TextWidth
 0001:0008D67C       RVU_UnicodeToAnsi
 0001:0008D834       RVU_WriteHTMLEncodedUnicode
 0001:0008995C       RVWrite
 0001:00089980       RVWriteLn
 0001:000785AC       RV_CharSet2HTMLLang
 0001:00076AE4       RV_CompareTags
 0001:00076934       RV_CopyTag
 0001:00076B74       RV_GetHTMLRGBStr
 0001:000754A4       RV_GetYByTag
 0001:00076B20       RV_InfoAboutSaD
 0001:000784BC       RV_MakeHTMLStr
 0001:00076C44       RV_PointInRect
 0001:00076950       RV_ReplaceTabsA
 0001:00076A04       RV_ReplaceTabsW
 0001:000768E8       RV_SetPaletteToPicture
 0001:000754C8       RV_Tag2Y
 0001:0000C45C       SafeLoadLibrary
 0001:00007A18       SameText
 0001:0007CFC8       SaveColorTable
 0001:00006244       SaveDC
 0001:00078E08       SaveFirst
 0001:000798BC       SaveFirst
 0001:0007CEAC       SaveFontTable
 0001:0007DB7C       SaveHeader
 0001:00079DF8       SaveLast
 0001:00079168       SaveLast
 0001:0007918C       SaveMiddle
 0001:00079E2C       SaveMiddle
 0001:0007D378       SaveParaStyle
 0001:0007D980       SaveStyleSheet
 0001:0007D0E4       SaveTextStyle
 0001:00009E78       ScanBlanks
 0001:00009FBC       ScanChar
 0001:0000A12C       ScanDate
 0001:00009E9C       ScanNumber
 0001:00009F30       ScanString
 0001:0000A468       ScanTime
 0001:0000A040       ScanToNumber
 0002:000037CC       Screen
[...]
  1847 0001:0008C99C  1854 0001:0008CA3F  1855 0001:0008CA74  1859 0001:0008CAA0
  1861 0001:0008CAAA  1863 0001:0008CAAD  1865 0001:0008CAB2  1877 0001:0008CAB4
  1878 0001:0008CABA  1879 0001:0008CACB  1880 0001:0008CAD3  1881 0001:0008CAD9
  1883 0001:0008CADF  1884 0001:0008CAE8  1891 0001:0008CAEC  1892 0001:0008CB03
  1893 0001:0008CB06  1894 0001:0008CB0A  1895 0001:0008CB0D  1896 0001:0008CB1A
  1898 0001:0008CB34  1899 0001:0008CB3E  1900 0001:0008CB4E  1901 0001:0008CB59
  1902 0001:0008CB65  1903 0001:0008CB72  1904 0001:0008CB78  1905 0001:0008CB86
  1906 0001:0008CB92  1907 0001:0008CB9F  1908 0001:0008CBAB  1910 0001:0008CBB7
  1916 0001:0008CBC0  1917 0001:0008CBD1  1918 0001:0008CBDB  1920 0001:0008CBFB
  1921 0001:0008CC05  1922 0001:0008CC1B  1923 0001:0008CC27  1924 0001:0008CC32
  1925 0001:0008CC43  1926 0001:0008CC54  1933 0001:0008CC5C  1934 0001:0008CC67
  1935 0001:0008CC6D  1937 0001:0008CC71  1938 0001:0008CC73  1939 0001:0008CC78
  1940 0001:0008CC7D  1941 0001:0008CC86  1942 0001:0008CC98  1952 0001:0008CCA0
  1953 0001:0008CCC5  1954 0001:0008CCD4  1956 0001:0008CD17  1957 0001:0008CD6A
  1962 0001:0008CDC8  1963 0001:0008CDD1  1964 0001:0008CDE1  1967 0001:0008CE12
  1968 0001:0008CE16  1969 0001:0008CE1D  1970 0001:0008CE24  1974 0001:0008CE2C
  1975 0001:0008CE33  1976 0001:0008CE37  1977 0001:0008CE3B  1979 0001:0008CE3D
  1982 0001:0008CE44  1983 0001:0008CE4D  1984 0001:0008CE89  1988 0001:0008CEA4
  1989 0001:0008CED0  1996 0001:0008CF9B  2000 0001:0008CFC4  2001 0001:0008CFCD
  2011 0001:0008CFD0  2012 0001:0008CFF7  2013 0001:0008D000  2015 0001:0008D004
  2016 0001:0008D011  2017 0001:0008D015  2019 0001:0008D024  2020 0001:0008D02C
  2022 0001:0008D092  2023 0001:0008D0B6  2027 0001:0008D120  2029 0001:0008D12E
  2031 0001:0008D131  2033 0001:0008D134  2035 0001:0008D139  2041 0001:0008D13C
  2043 0001:0008D16F  2038 0001:0008D174  2039 0001:0008D17D  2040 0001:0008D182

Line numbers for DLines(DLines.pas) segment .text

    55 0001:0008DBA8    56 0001:0008DBC1    57 0001:0008DBCA    58 0001:0008DBDD
    59 0001:0008DC03    62 0001:0008DC0C    63 0001:0008DC0F    64 0001:0008DC12
    65 0001:0008DC15    66 0001:0008DC1B    67 0001:0008DC21    71 0001:0008DC28
    72 0001:0008DC2B    73 0001:0008DC2E    76 0001:0008DC30    77 0001:0008DC42
    78 0001:0008DC4B    79 0001:0008DC52    80 0001:0008DC6E   101 0001:0008DC74
   102 0001:0008DC7A   105 0001:0008DC80   106 0001:0008DC83   107 0001:0008DC86
   109 0001:0008DC8B   120 0001:0008DC8C   121 0001:0008DC92   122 0001:0008DC9B
   126 0001:0008DCA0   131 0001:0008DCBE   132 0001:0008DCC5   135 0001:0008DD19
   138 0001:0008DD24   143 0001:0008DD42   144 0001:0008DD49   147 0001:0008DD95
   151 0001:0008DDA0   152 0001:0008DDBE   153 0001:0008DDC5   154 0001:0008DDD5
   158 0001:0008DDDC   162 0001:0008DE2C   166 0001:0008DE34   167 0001:0008DE39
   171 0001:0008DE3C   172 0001:0008DE3E   176 0001:0008DE40   177 0001:0008DE42
   181 0001:0008DE44   182 0001:0008DE46   186 0001:0008DE78   186 0001:0008DE7F

Line numbers for RichView(RichView.pas) segment .text

   451 0001:0008EC48   452 0001:0008EC5F   453 0001:0008EC68   454 0001:0008EC82
   455 0001:0008EC8C   456 0001:0008EC98   457 0001:0008ECA2   458 0001:0008ECAC
   459 0001:0008ECB6   460 0001:0008ECC0   462 0001:0008ECC8   463 0001:0008ECD0
   465 0001:0008ECD8   466 0001:0008ECEC   467 0001:0008ECF9   468 0001:0008ED05
   469 0001:0008ED11   470 0001:0008ED1C   471 0001:0008ED2C   472 0001:0008ED33
   482 0001:0008ED40   485 0001:0008ED4D   486 0001:0008ED5A   487 0001:0008ED7C
   491 0001:0008EDA8   492 0001:0008EDAD   495 0001:0008EDB0   496 0001:0008EDBB
   497 0001:0008EDC2   498 0001:0008EDCD   499 0001:0008EDD4   500 0001:0008EDDF
   501 0001:0008EDF6   504 0001:0008EDFC   505 0001:0008EE05   506 0001:0008EE10
   507 0001:0008EE1D   509 0001:0008EE26   513 0001:0008EE2C   515 0001:0008EE3E
   518 0001:0008EE40   519 0001:0008EE43   520 0001:0008EE57   521 0001:0008EE67
   530 0001:0008EE6C   531 0001:0008EE6F   532 0001:0008EE78   533 0001:0008EE92
   535 0001:0008EE99   536 0001:0008EEA7   559 0001:0008EEAC   560 0001:0008EEAF
   561 0001:0008EEB9   562 0001:0008EEC8   566 0001:0008EECC   567 0001:0008EED5
   571 0001:0008EED8   572 0001:0008EEE1   585 0001:0008EEE4   586 0001:0008EEE8
   587 0001:0008EEF7   607 0001:0008EEFC   608 0001:0008EF0B   621 0001:0008EF0C
   622 0001:0008EF10   623 0001:0008EF23   785 0001:0008EF28   786 0001:0008EF2F
   787 0001:0008EF38   789 0001:0008EF3E   790 0001:0008EF56   805 0001:0008EF5C
   806 0001:0008EF6D   807 0001:0008EF86   808 0001:0008EF98   809 0001:0008EFA3
   811 0001:0008EFBA   812 0001:0008EFCF   813 0001:0008EFE4   814 0001:0008EFF9
   815 0001:0008F00E   816 0001:0008F024   817 0001:0008F040   818 0001:0008F06C
   819 0001:0008F077   820 0001:0008F08C   822 0001:0008F0A6   825 0001:0008F0CC
   826 0001:0008F0EC   827 0001:0008F0F5   828 0001:0008F14C   829 0001:0008F158
   831 0001:0008F166   832 0001:0008F176   833 0001:0008F184   834 0001:0008F188
   836 0001:0008F1B3   840 0001:0008F224   841 0001:0008F22F   844 0001:0008F230
   846 0001:0008F241   847 0001:0008F246   848 0001:0008F252   849 0001:0008F256
   850 0001:0008F262   851 0001:0008F270   852 0001:0008F27C   853 0001:0008F287
   855 0001:0008F293   857 0001:0008F29B   858 0001:0008F2A0   859 0001:0008F2AC
   860 0001:0008F2B0   861 0001:0008F2BC   862 0001:0008F2CA   863 0001:0008F2D6
   864 0001:0008F2E1   866 0001:0008F2ED   867 0001:0008F2F5   871 0001:0008F302
   872 0001:0008F313   875 0001:0008F31C   876 0001:0008F32D   877 0001:0008F33E
   878 0001:0008F34B   879 0001:0008F35A   881 0001:0008F361   882 0001:0008F376
   885 0001:0008F380   886 0001:0008F391   887 0001:0008F39A   888 0001:0008F3A7
   889 0001:0008F3B8   890 0001:0008F3CD   891 0001:0008F3D1   892 0001:0008F3D8
   895 0001:0008F3E0   896 0001:0008F3E3   897 0001:0008F3EC   898 0001:0008F3FF
   900 0001:0008F406   926 0001:0008F408   927 0001:0008F411   930 0001:0008F414
   931 0001:0008F417   932 0001:0008F425   935 0001:0008F428   936 0001:0008F42B
   937 0001:0008F43A   938 0001:0008F44B   939 0001:0008F45C   941 0001:0008F46C
   945 0001:0008F470   946 0001:0008F479   950 0001:0008F47C   951 0001:0008F485
   952 0001:0008F48C   957 0001:0008F490   958 0001:0008F49B   959 0001:0008F49E
   960 0001:0008F4A8   962 0001:0008F4AD   963 0001:0008F4B2   975 0001:0008F4B4
   976 0001:0008F4BB   979 0001:0008F4BC   980 0001:0008F4C2   981 0001:0008F4D7
   982 0001:0008F4DD   990 0001:0008F4E0   991 0001:0008F4E3   992 0001:0008F4EE
   993 0001:0008F4F5  1012 0001:0008F4F8  1013 0001:0008F507  1017 0001:0008F508
  1018 0001:0008F513  1046 0001:0008F514  1047 0001:0008F518  1048 0001:0008F536
  1062 0001:0008F538  1063 0001:0008F53B  1064 0001:0008F555  1067 0001:0008F558
  1069 0001:0008F55C  1070 0001:0008F566  1071 0001:0008F57C  1074 0001:0008F57F
  1075 0001:0008F586  1078 0001:0008F58C  1079 0001:0008F596  1080 0001:0008F5A2
  1081 0001:0008F5B3  1082 0001:0008F5C9  1086 0001:0008F5D0  1087 0001:0008F5D6
  1088 0001:0008F5DC  1089 0001:0008F5F8  1090 0001:0008F612  1093 0001:0008F61C
  1094 0001:0008F61F  1098 0001:0008F625  1099 0001:0008F62F  1100 0001:0008F63E
  1101 0001:0008F648  1102 0001:0008F65A  1104 0001:0008F66C  1105 0001:0008F677
  1109 0001:0008F67E  1114 0001:0008F680  1115 0001:0008F685  1118 0001:0008F688
  1119 0001:0008F68C  1120 0001:0008F693  1121 0001:0008F69E  1122 0001:0008F6A5
  1126 0001:0008F6A8  1127 0001:0008F6B2  1131 0001:0008F6B4  1132 0001:0008F6BE
  1135 0001:0008F6C0  1136 0001:0008F6C3  1137 0001:0008F6C7  1139 0001:0008F6D1
  1140 0001:0008F6D9  1143 0001:0008F6DC  1144 0001:0008F6DF  1145 0001:0008F6E3
  1147 0001:0008F6ED  1148 0001:0008F6F5  1199 0001:0008F6F8  1200 0001:0008F6FC
  1201 0001:0008F70B  1272 0001:0008F710  1273 0001:0008F713  1274 0001:0008F719
  1275 0001:0008F728  1276 0001:0008F72F  1284 0001:0008F734  1285 0001:0008F737
  1286 0001:0008F73E  1288 0001:0008F745  1291 0001:0008F748  1293 0001:0008F74B
  1294 0001:0008F752  1295 0001:0008F759  1296 0001:0008F764  1333 0001:0008F768
  1334 0001:0008F76E  1335 0001:0008F777  1336 0001:0008F786  1338 0001:0008F78D
  1339 0001:0008F796  1365 0001:0008F79C  1366 0001:0008F7A8  1437 0001:0008F7AC
  1438 0001:0008F7B7  1484 0001:0008F7B8  1485 0001:0008F7BD  1486 0001:0008F7C3
  1487 0001:0008F7DB  1488 0001:0008F7E7  1587 0001:0008F7EC  1588 0001:0008F7F9
  1590 0001:0008F831  1669 0001:0008F838  1670 0001:0008F83B  1671 0001:0008F842
  1672 0001:0008F84D  1673 0001:0008F85E  1674 0001:0008F865  1690 0001:0008F898
  1694 0001:0008F89F

Line numbers for frmHelp(frmHelp.pas) segment .text

    49 0001:0008FB34    50 0001:0008FB4A    51 0001:0008FB89    52 0001:0008FB94
    53 0001:0008FBBC    59 0001:0008FC00    60 0001:0008FC23    61 0001:0008FC2E
    63 0001:0008FC4F    64 0001:0008FC76    65 0001:0008FC8A    67 0001:0008FC9A
    68 0001:0008FCDE    69 0001:0008FD26    70 0001:0008FD63    65 0001:0008FD64
    71 0001:0008FD6D    72 0001:0008FD78    73 0001:0008FD8C    75 0001:0008FD9C
    76 0001:0008FDE4    77 0001:0008FE21    73 0001:0008FE22    78 0001:0008FE2B
    79 0001:0008FE36    83 0001:0008FE43    84 0001:0008FE6A    85 0001:0008FE7E
    87 0001:0008FE8A    88 0001:0008FECE    85 0001:0008FECF    89 0001:0008FED4
    90 0001:0008FEDF    92 0001:0008FF11    99 0001:00090004   100 0001:0009002E
   102 0001:0009004B   103 0001:0009007D   104 0001:00090088   108 0001:000900BB
   109 0001:000900C6   110 0001:000900ED   111 0001:00090120   112 0001:00090134
   113 0001:00090176   114 0001:0009018B   115 0001:0009019D   117 0001:000901B0
   118 0001:000901FB   119 0001:00090249   115 0001:0009024A   120 0001:00090253
   121 0001:0009025E   123 0001:00090298   127 0001:00090344   128 0001:00090349
   131 0001:0009034C   132 0001:00090350   133 0001:00090364   134 0001:0009036B
   135 0001:0009037F   136 0001:00090386   137 0001:0009039A   138 0001:000903A1
   139 0001:000903B5   140 0001:000903BC   141 0001:000903CD   147 0001:000903D0
   148 0001:000903F8   152 0001:00090419   153 0001:00090426   154 0001:0009043A
   155 0001:00090450   157 0001:0009046A   159 0001:00090487   160 0001:000904B8
   161 0001:000904C3   162 0001:000904F0   164 0001:000904F5   155 0001:000904F6
   165 0001:000904FF   167 0001:00090519   169 0001:00090536   170 0001:00090567
   171 0001:00090572   172 0001:0009059F   174 0001:000905A1   165 0001:000905A2
   175 0001:000905AB   176 0001:000905F1   180 0001:00090654   181 0001:00090657
   182 0001:00090664   185 0001:00090668   186 0001:00090688   187 0001:0009069C
   188 0001:000906E9   191 0001:000906F0   192 0001:00090707   193 0001:00090737
   194 0001:00090742   195 0001:0009075F   196 0001:000907AC   198 0001:000907E4
   198 0001:000907EB

Line numbers for frmNewGame(frmNewGame.pas) segment .text

    41 0001:00090A14    42 0001:00090A24    46 0001:00090A50    47 0001:00090A55
    51 0001:00090A58    52 0001:00090A61    53 0001:00090A70    54 0001:00090A7F
    57 0001:00090A88    58 0001:00090A8B    59 0001:00090AA2    60 0001:00090AAE
    61 0001:00090AB5    62 0001:00090AC8    63 0001:00090AD7    64 0001:00090ADE
    66 0001:00090B20    66 0001:00090B27

Line numbers for frmMainMenu(frmMainMenu.pas) segment .text

    41 0001:00090D5C    42 0001:00090D6C    47 0001:00090D80    48 0001:00090DAC
    50 0001:00090DB2    51 0001:00090DC6    52 0001:00090DCC    54 0001:00090DD5
    55 0001:00090DDF    58 0001:00090DEA    60 0001:00090DFD    61 0001:00090E21
    62 0001:00090E2C    63 0001:00090E36    58 0001:00090E37    64 0001:00090E3A
    65 0001:00090E75    71 0001:00090E80    72 0001:00090E9F    74 0001:00090EC1
    75 0001:00090ECE    76 0001:00090EDC    77 0001:00090EE9    78 0001:00090EFF
    79 0001:00090F20    80 0001:00090F2A    81 0001:00090F37    83 0001:00090F77
    88 0001:00090F8C    89 0001:00090FBA    91 0001:00090FCB    92 0001:00090FDB
    94 0001:00090FE0    96 0001:0009100D    97 0001:00091014    98 0001:0009102A
    99 0001:00091031   100 0001:0009103A   113 0001:00091046   114 0001:0009104D
   115 0001:00091059   117 0001:0009105E   119 0001:00091080   120 0001:00091090
   121 0001:0009109A   122 0001:000910A1   123 0001:000910B0   124 0001:000910B7
   125 0001:000910DA   126 0001:00091101   128 0001:00091106   130 0001:00091124
   131 0001:00091134   132 0001:0009113E   133 0001:00091145   134 0001:00091154
   135 0001:0009115B   137 0001:00091160   139 0001:00091182   140 0001:00091192
   141 0001:0009119C   143 0001:000911A9   144 0001:000911B0   145 0001:000911B7
   147 0001:000911BE   148 0001:000911CA   150 0001:000911D7   151 0001:000911EF
   152 0001:000911F8   153 0001:000911FF   155 0001:00091206   156 0001:00091216
   158 0001:0009121B   160 0001:0009122A   161 0001:0009123A   162 0001:0009124D
   163 0001:00091279   165 0001:0009127E   167 0001:00091291   168 0001:000912A1
   169 0001:000912B3   170 0001:000912BA   171 0001:000912CD   172 0001:000912D7
   173 0001:000912E7   174 0001:000912F1   175 0001:000912FE   176 0001:00091312
   177 0001:0009131F   178 0001:00091326   179 0001:00091330   180 0001:00091337
   181 0001:00091347   183 0001:0009134C   185 0001:0009136E   186 0001:0009137E
   187 0001:00091390   188 0001:00091397   189 0001:000913AA   190 0001:000913B4
   191 0001:000913C4   192 0001:000913CE   193 0001:000913DB   194 0001:000913EF
   195 0001:00091403   196 0001:00091410   197 0001:00091417   198 0001:00091421
   199 0001:00091428   200 0001:00091438   209 0001:0009143A   210 0001:0009146C
   213 0001:00091958   214 0001:0009195B   215 0001:00091962   216 0001:0009196F
   219 0001:00091974   220 0001:00091977   240 0001:00091984   241 0001:00091991
   242 0001:0009199F   244 0001:000919D4   244 0001:000919DB

Line numbers for frmSetup(frmSetup.pas) segment .text

    37 0001:00091BDC    38 0001:00091BDF    39 0001:00091BF5    41 0001:00091BFA
    42 0001:00091C01    43 0001:00091C0B    47 0001:00091C10    48 0001:00091C15
    49 0001:00091C24    53 0001:00091C28    54 0001:00091C3E    58 0001:00091C40
    59 0001:00091C50    63 0001:00091C70    64 0001:00091C79    65 0001:00091C88
    66 0001:00091C97    68 0001:00091CD0    68 0001:00091CD7

Line numbers for frmDecompress(frmDecompress.pas) segment .text

    33 0001:00091EA8    34 0001:00091EBB    35 0001:00091EC8    36 0001:00091ECD
    37 0001:00091ED2    38 0001:00091ED7    39 0001:00091EDC    40 0001:00091EE1
    41 0001:00091F11    42 0001:00091F3A    46 0001:00091F58    47 0001:00091F65
    49 0001:00091F98    49 0001:00091F9F

Line numbers for frmMessBox(frmMessBox.pas) segment .text

    40 0001:000921C4    41 0001:000921DA    42 0001:00092213    45 0001:00092218
    46 0001:0009221B    47 0001:0009222B    48 0001:00092232    51 0001:00092240
    52 0001:00092243    53 0001:00092253    54 0001:0009225A    57 0001:00092268
    58 0001:0009226B    59 0001:0009227B    60 0001:00092282    64 0001:00092290
    65 0001:00092299    66 0001:000922B4    67 0001:000922CF    68 0001:000922EA
    69 0001:00092305    71 0001:0009233C    71 0001:00092343

Line numbers for Procs(Procs.pas) segment .text

    44 0001:00092354    45 0001:00092385    46 0001:000923AA    47 0001:000923CF
    48 0001:000923F4    50 0001:00092419    51 0001:00092443    52 0001:0009246D
    53 0001:00092497    55 0001:000924C1    56 0001:000924EB    57 0001:00092515
    58 0001:0009253F    60 0001:00092569    61 0001:0009258E    62 0001:000925B3
    63 0001:000925D8    65 0001:000925FD    66 0001:00092627    67 0001:00092651
    68 0001:0009267B    70 0001:000926A5    71 0001:000926CF    72 0001:000926F9
    73 0001:00092723    75 0001:0009274D    76 0001:00092772    77 0001:00092797
    78 0001:000927BC    80 0001:000927E1    81 0001:00092806    82 0001:0009282B
    83 0001:00092850    85 0001:00092875    86 0001:000928A0    87 0001:000928CB
    88 0001:000928F6    89 0001:00092946    95 0001:00092AB0    96 0001:00092AD9
    97 0001:00092AE8    98 0001:00092B06    99 0001:00092B14   102 0001:00092B25
   103 0001:00092B6B   104 0001:00092BCF   106 0001:00092C22   108 0001:00092C31
   109 0001:00092C83   110 0001:00092CE8   106 0001:00092CE9   112 0001:00092CF0
   113 0001:00092D44   114 0001:00092DB6   116 0001:00092E17   117 0001:00092E2A
   118 0001:00092E3A   120 0001:00092E65   121 0001:00092E7F   122 0001:00092E93
   123 0001:00092EA9   124 0001:00092EBE   126 0001:00092ED4   127 0001:00092F01
   132 0001:00092F20   133 0001:00092F4B   134 0001:00092F5C   135 0001:00092F87
   136 0001:00092FDF   141 0001:00092FF8   142 0001:0009300F   143 0001:00093033
   144 0001:0009304B   145 0001:00093052   147 0001:00093071   148 0001:00093089
   150 0001:000930B0   155 0001:0009317C   156 0001:00093191   157 0001:000931B5
   158 0001:000931CC   159 0001:000931F0   163 0001:0009323C   164 0001:00093260
   172 0001:00093264   174 0001:00093297   175 0001:000932C3   177 0001:000932C7
   179 0001:000932D2   180 0001:000932E6   181 0001:000932F4   183 0001:00093304
   175 0001:0009330F   185 0001:00093313   186 0001:00093356   191 0001:00093368
   192 0001:00093383   193 0001:000933AD   194 0001:000933C5   195 0001:000933DD
   196 0001:000933F5   197 0001:0009340D   198 0001:00093447   203 0001:000934B0
   204 0001:000934ED   205 0001:00093503   206 0001:00093523   208 0001:00093550
   209 0001:00093599   210 0001:000935A5   212 0001:000935AA   213 0001:000935E6
   214 0001:000935F2   215 0001:00093615   216 0001:00093621   217 0001:0009362A
   218 0001:00093636   219 0001:00093642   220 0001:00093679   225 0001:000936FC
   226 0001:00093701   227 0001:00093704   228 0001:00093707   230 0001:0009371C
   233 0001:00093732   234 0001:0009374D   237 0001:0009376A   238 0001:00093782
   242 0001:0009379C   244 0001:000937A3   245 0001:000937A8   246 0001:000937BC
   249 0001:000937D0   250 0001:000937D6   251 0001:000937DC   252 0001:000937EF
   257 0001:000937F4   258 0001:000937F8   260 0001:000937FF   262 0001:0009380B
   263 0001:00093810   264 0001:0009381C   267 0001:00093820   268 0001:00093859
   270 0001:0009385E   271 0001:0009386D   272 0001:0009387C   275 0001:0009388B
   277 0001:00093890   278 0001:0009389F   279 0001:000938AE   282 0001:000938BD
   283 0001:000938CD   284 0001:000938DD   285 0001:000938E7   286 0001:0009392D
   288 0001:00093984   288 0001:0009398B

Line numbers for frmBack(frmBack.pas) segment .text

    40 0001:00093BB0    41 0001:00093BB3    42 0001:00093BBE    43 0001:00093BD4
    46 0001:00093BD8    47 0001:00093BDB    48 0001:00093BE6    49 0001:00093BF1
    50 0001:00093BFC    51 0001:00093C01    52 0001:00093C06    53 0001:00093C13
    54 0001:00093C1F    59 0001:00093C24    60 0001:00093C40    61 0001:00093C4F
    62 0001:00093C5D    63 0001:00093C7D    64 0001:00093C92    66 0001:00093CD1
    67 0001:00093CE5    70 0001:00093D12    73 0001:00093D2C    74 0001:00093D2F
    75 0001:00093D3C    76 0001:00093D56    79 0001:00093D58    80 0001:00093D6E
    81 0001:00093D7B    82 0001:00093D87    83 0001:00093DC7    86 0001:00093DDC
    87 0001:00093DDF    88 0001:00093DEC    89 0001:00093E09    90 0001:00093E16
    91 0001:00093E21    92 0001:00093E2C    93 0001:00093E3B    95 0001:00093E84
    95 0001:00093E8B

Line numbers for Aurelius(D:\_Projekty\Aurelius\Aurelius.dpr) segment .text

    17 0001:00094134    18 0001:0009414B    19 0001:00094152    20 0001:0009415E
    21 0001:00094171    22 0001:00094184    23 0001:00094197    24 0001:000941AA
    25 0001:000941BD    26 0001:000941D0    27 0001:000941E3    28 0001:000941F6
    29 0001:000941FD

Bound resource files

d:\delphi5\Lib\CONTROLS.RES
d:\delphi5\Lib\MPLAYER.RES
d:\delphi5\comps\lzw\LZ_Const.RES
frmIntro.DFM
d:\delphi5\Lib\BUTTONS.RES
d:\delphi5\comps\ImgBtn.RES
d:\delphi5\comps\rv\RVStyle.RES
frmHelp.DFM
frmNewGame.DFM
frmMainMenu.DFM
frmSetup.DFM
frmDecompress.DFM
frmMessBox.DFM
frmBack.DFM
Aurelius.RES
Aurelius.drf


Program entry point at 0001:00094134
